Archive member included to satisfy reference by file (symbol)

/usr/lib/gcc/avr/5.4.0/../../../avr/lib/avr6/libm.a(addsf3.o)
                              build/ff_creatorx-2560/MightyBoard/Motherboard/Command.o (__subsf3)
/usr/lib/gcc/avr/5.4.0/../../../avr/lib/avr6/libm.a(addsf3x.o)
                              /usr/lib/gcc/avr/5.4.0/../../../avr/lib/avr6/libm.a(addsf3.o) (__addsf3x)
/usr/lib/gcc/avr/5.4.0/../../../avr/lib/avr6/libm.a(ceil.o)
                              build/ff_creatorx-2560/MightyBoard/Motherboard/StepperAccel.o (ceil)
/usr/lib/gcc/avr/5.4.0/../../../avr/lib/avr6/libm.a(cmpsf2.o)
                              build/ff_creatorx-2560/MightyBoard/Motherboard/Steppers.o (__eqsf2)
/usr/lib/gcc/avr/5.4.0/../../../avr/lib/avr6/libm.a(divsf3.o)
                              build/ff_creatorx-2560/MightyBoard/Motherboard/Command.o (__divsf3)
/usr/lib/gcc/avr/5.4.0/../../../avr/lib/avr6/libm.a(divsf3x.o)
                              /usr/lib/gcc/avr/5.4.0/../../../avr/lib/avr6/libm.a(divsf3.o) (__divsf3x)
/usr/lib/gcc/avr/5.4.0/../../../avr/lib/avr6/libm.a(fixsfdi.o)
                              build/ff_creatorx-2560/MightyBoard/Motherboard/StepperAxis.o (__fixsfdi)
/usr/lib/gcc/avr/5.4.0/../../../avr/lib/avr6/libm.a(fixsfsi.o)
                              build/ff_creatorx-2560/MightyBoard/Motherboard/Command.o (__fixsfsi)
/usr/lib/gcc/avr/5.4.0/../../../avr/lib/avr6/libm.a(fixunssfsi.o)
                              build/ff_creatorx-2560/MightyBoard/Motherboard/StepperAccel.o (__fixunssfsi)
/usr/lib/gcc/avr/5.4.0/../../../avr/lib/avr6/libm.a(floatsisf.o)
                              build/ff_creatorx-2560/MightyBoard/Motherboard/Command.o (__floatunsisf)
/usr/lib/gcc/avr/5.4.0/../../../avr/lib/avr6/libm.a(fp_cmp.o)
                              /usr/lib/gcc/avr/5.4.0/../../../avr/lib/avr6/libm.a(cmpsf2.o) (__fp_cmp)
/usr/lib/gcc/avr/5.4.0/../../../avr/lib/avr6/libm.a(fp_inf.o)
                              /usr/lib/gcc/avr/5.4.0/../../../avr/lib/avr6/libm.a(addsf3x.o) (__fp_inf)
/usr/lib/gcc/avr/5.4.0/../../../avr/lib/avr6/libm.a(fp_mintl.o)
                              /usr/lib/gcc/avr/5.4.0/../../../avr/lib/avr6/libm.a(ceil.o) (__fp_mintl)
/usr/lib/gcc/avr/5.4.0/../../../avr/lib/avr6/libm.a(fp_mpack.o)
                              /usr/lib/gcc/avr/5.4.0/../../../avr/lib/avr6/libm.a(ceil.o) (__fp_mpack)
/usr/lib/gcc/avr/5.4.0/../../../avr/lib/avr6/libm.a(fp_nan.o)
                              /usr/lib/gcc/avr/5.4.0/../../../avr/lib/avr6/libm.a(addsf3x.o) (__fp_nan)
/usr/lib/gcc/avr/5.4.0/../../../avr/lib/avr6/libm.a(fp_negdi.o)
                              /usr/lib/gcc/avr/5.4.0/../../../avr/lib/avr6/libm.a(fixsfdi.o) (__fp_negdi)
/usr/lib/gcc/avr/5.4.0/../../../avr/lib/avr6/libm.a(fp_pscA.o)
                              /usr/lib/gcc/avr/5.4.0/../../../avr/lib/avr6/libm.a(addsf3x.o) (__fp_pscA)
/usr/lib/gcc/avr/5.4.0/../../../avr/lib/avr6/libm.a(fp_pscB.o)
                              /usr/lib/gcc/avr/5.4.0/../../../avr/lib/avr6/libm.a(addsf3x.o) (__fp_pscB)
/usr/lib/gcc/avr/5.4.0/../../../avr/lib/avr6/libm.a(fp_round.o)
                              /usr/lib/gcc/avr/5.4.0/../../../avr/lib/avr6/libm.a(addsf3.o) (__fp_round)
/usr/lib/gcc/avr/5.4.0/../../../avr/lib/avr6/libm.a(fp_split3.o)
                              /usr/lib/gcc/avr/5.4.0/../../../avr/lib/avr6/libm.a(addsf3x.o) (__fp_split3)
/usr/lib/gcc/avr/5.4.0/../../../avr/lib/avr6/libm.a(fp_trunc.o)
                              /usr/lib/gcc/avr/5.4.0/../../../avr/lib/avr6/libm.a(ceil.o) (__fp_trunc)
/usr/lib/gcc/avr/5.4.0/../../../avr/lib/avr6/libm.a(fp_zero.o)
                              /usr/lib/gcc/avr/5.4.0/../../../avr/lib/avr6/libm.a(addsf3x.o) (__fp_zero)
/usr/lib/gcc/avr/5.4.0/../../../avr/lib/avr6/libm.a(gesf2.o)
                              build/ff_creatorx-2560/MightyBoard/shared/LiquidCrystalSerial.o (__gesf2)
/usr/lib/gcc/avr/5.4.0/../../../avr/lib/avr6/libm.a(mulsf3.o)
                              build/ff_creatorx-2560/MightyBoard/Motherboard/Command.o (__mulsf3)
/usr/lib/gcc/avr/5.4.0/../../../avr/lib/avr6/libm.a(mulsf3x.o)
                              /usr/lib/gcc/avr/5.4.0/../../../avr/lib/avr6/libm.a(mulsf3.o) (__mulsf3x)
/usr/lib/gcc/avr/5.4.0/../../../avr/lib/avr6/libm.a(sqrt.o)
                              build/ff_creatorx-2560/MightyBoard/Motherboard/Command.o (sqrtf)
/usr/lib/gcc/avr/5.4.0/../../../avr/lib/avr6/libm.a(fp_norm2.o)
                              /usr/lib/gcc/avr/5.4.0/../../../avr/lib/avr6/libm.a(sqrt.o) (__fp_norm2)
/usr/lib/gcc/avr/5.4.0/avr6/libgcc.a(_mulsi3.o)
                              build/ff_creatorx-2560/MightyBoard/Motherboard/Command.o (__mulsi3)
/usr/lib/gcc/avr/5.4.0/avr6/libgcc.a(_udivmodqi4.o)
                              build/ff_creatorx-2560/MightyBoard/Motherboard/EepromMap.o (__udivmodqi4)
/usr/lib/gcc/avr/5.4.0/avr6/libgcc.a(_udivmodhi4.o)
                              build/ff_creatorx-2560/MightyBoard/Motherboard/Command.o (__udivmodhi4)
[...]
Memory Configuration

Name             Origin             Length             Attributes
text             0x0000000000000000 0x0000000000100000 xr
data             0x0000000000800200 0x000000000000fe00 rw !x
eeprom           0x0000000000810000 0x0000000000010000 rw !x
fuse             0x0000000000820000 0x0000000000000003 rw !x
lock             0x0000000000830000 0x0000000000000400 rw !x
signature        0x0000000000840000 0x0000000000000400 rw !x
user_signatures  0x0000000000850000 0x0000000000000400 rw !x
*default*        0x0000000000000000 0xffffffffffffffff

Linker script and memory map

Address of section .data set to 0x800200
LOAD /usr/lib/gcc/avr/5.4.0/../../../avr/lib/avr6/crtatmega2560.o
LOAD build/ff_creatorx-2560/MightyBoard/Motherboard/Command.o
LOAD build/ff_creatorx-2560/MightyBoard/Motherboard/EepromMap.o
LOAD build/ff_creatorx-2560/MightyBoard/Motherboard/Host.o
LOAD build/ff_creatorx-2560/MightyBoard/Motherboard/Main.o
LOAD build/ff_creatorx-2560/MightyBoard/Motherboard/Motherboard.o
LOAD build/ff_creatorx-2560/MightyBoard/Motherboard/Piezo.o
LOAD build/ff_creatorx-2560/MightyBoard/Motherboard/Point.o
LOAD build/ff_creatorx-2560/MightyBoard/Motherboard/SDCard.o
LOAD build/ff_creatorx-2560/MightyBoard/Motherboard/SkewTilt.o
LOAD build/ff_creatorx-2560/MightyBoard/Motherboard/SoftI2cManager.o
LOAD build/ff_creatorx-2560/MightyBoard/Motherboard/StepperAccel.o
LOAD build/ff_creatorx-2560/MightyBoard/Motherboard/StepperAccelPlanner.o
LOAD build/ff_creatorx-2560/MightyBoard/Motherboard/StepperAxis.o
LOAD build/ff_creatorx-2560/MightyBoard/Motherboard/Steppers.o
LOAD build/ff_creatorx-2560/MightyBoard/Motherboard/TWI.o
LOAD build/ff_creatorx-2560/MightyBoard/Motherboard/UtilityScripts.o
LOAD build/ff_creatorx-2560/MightyBoard/Motherboard/boards/mighty_one/Cutoff.o
LOAD build/ff_creatorx-2560/MightyBoard/Motherboard/boards/mighty_one/DigiPots.o
LOAD build/ff_creatorx-2560/MightyBoard/Motherboard/boards/mighty_one/RGB_LED.o
LOAD build/ff_creatorx-2560/MightyBoard/Motherboard/boards/mighty_one/StandardButtonArray.o
LOAD build/ff_creatorx-2560/MightyBoard/Motherboard/lib_sd/byteordering.o
LOAD build/ff_creatorx-2560/MightyBoard/Motherboard/lib_sd/fat.o
LOAD build/ff_creatorx-2560/MightyBoard/Motherboard/lib_sd/partition.o
LOAD build/ff_creatorx-2560/MightyBoard/Motherboard/lib_sd/sd_crc.o
LOAD build/ff_creatorx-2560/MightyBoard/Motherboard/lib_sd/sd_raw.o
LOAD build/ff_creatorx-2560/MightyBoard/shared/AnalogButtonArray.o
LOAD build/ff_creatorx-2560/MightyBoard/shared/AnalogPin.o
LOAD build/ff_creatorx-2560/MightyBoard/shared/AvrPort.o
LOAD build/ff_creatorx-2560/MightyBoard/shared/CoolingFan.o
LOAD build/ff_creatorx-2560/MightyBoard/shared/Eeprom.o
LOAD build/ff_creatorx-2560/MightyBoard/shared/ExtruderBoard.o
LOAD build/ff_creatorx-2560/MightyBoard/shared/Heater.o
LOAD build/ff_creatorx-2560/MightyBoard/shared/Interface.o
LOAD build/ff_creatorx-2560/MightyBoard/shared/InterfaceBoard.o
LOAD build/ff_creatorx-2560/MightyBoard/shared/LiquidCrystalSerial.o
LOAD build/ff_creatorx-2560/MightyBoard/shared/LiquidCrystalSerial_I2C.o
LOAD build/ff_creatorx-2560/MightyBoard/shared/Menu.o
LOAD build/ff_creatorx-2560/MightyBoard/shared/PID.o
LOAD build/ff_creatorx-2560/MightyBoard/shared/Packet.o
LOAD build/ff_creatorx-2560/MightyBoard/shared/Pin.o
LOAD build/ff_creatorx-2560/MightyBoard/shared/StandardLiquidCrystalSerial.o
LOAD build/ff_creatorx-2560/MightyBoard/shared/TemperatureTable.o
LOAD build/ff_creatorx-2560/MightyBoard/shared/Thermistor.o
LOAD build/ff_creatorx-2560/MightyBoard/shared/Thermocouple.o
LOAD build/ff_creatorx-2560/MightyBoard/shared/Timeout.o
LOAD build/ff_creatorx-2560/MightyBoard/shared/UART.o
LOAD build/ff_creatorx-2560/MightyBoard/shared/VikiInterface.o
LOAD build/ff_creatorx-2560/MightyBoard/Motherboard/avrfix/avrfix.o
LOAD build/ff_creatorx-2560/MightyBoard/shared/locale/Menu.EN.o
LOAD /usr/lib/gcc/avr/5.4.0/../../../avr/lib/avr6/libm.a
START GROUP
LOAD /usr/lib/gcc/avr/5.4.0/avr6/libgcc.a
LOAD /usr/lib/gcc/avr/5.4.0/../../../avr/lib/avr6/libm.a
LOAD /usr/lib/gcc/avr/5.4.0/../../../avr/lib/avr6/libc.a
LOAD /usr/lib/gcc/avr/5.4.0/../../../avr/lib/avr6/libatmega2560.a
END GROUP
                0x0000000000000000                __TEXT_REGION_ORIGIN__ = DEFINED (__TEXT_REGION_ORIGIN__)?__TEXT_REGION_ORIGIN__:0x0
                0x0000000000800200                __DATA_REGION_ORIGIN__ = DEFINED (__DATA_REGION_ORIGIN__)?__DATA_REGION_ORIGIN__:0x800200
                0x0000000000100000                __TEXT_REGION_LENGTH__ = DEFINED (__TEXT_REGION_LENGTH__)?__TEXT_REGION_LENGTH__:0x100000
                0x000000000000fe00                __DATA_REGION_LENGTH__ = DEFINED (__DATA_REGION_LENGTH__)?__DATA_REGION_LENGTH__:0xfe00
                0x0000000000010000                __EEPROM_REGION_LENGTH__ = DEFINED (__EEPROM_REGION_LENGTH__)?__EEPROM_REGION_LENGTH__:0x10000
                [0x0000000000000003]                __FUSE_REGION_LENGTH__ = DEFINED (__FUSE_REGION_LENGTH__)?__FUSE_REGION_LENGTH__:0x400
                0x0000000000000400                __LOCK_REGION_LENGTH__ = DEFINED (__LOCK_REGION_LENGTH__)?__LOCK_REGION_LENGTH__:0x400
                0x0000000000000400                __SIGNATURE_REGION_LENGTH__ = DEFINED (__SIGNATURE_REGION_LENGTH__)?__SIGNATURE_REGION_LENGTH__:0x400
                0x0000000000000400                __USER_SIGNATURE_REGION_LENGTH__ = DEFINED (__USER_SIGNATURE_REGION_LENGTH__)?__USER_SIGNATURE_REGION_LENGTH__:0x400

.hash
 *(.hash)

.dynsym
 *(.dynsym)

.dynstr
 *(.dynstr)

.gnu.version
 *(.gnu.version)

.gnu.version_d
 *(.gnu.version_d)

.gnu.version_r
 *(.gnu.version_r)

.rel.init
 *(.rel.init)

.rela.init
 *(.rela.init)

.rel.text
 *(.rel.text)
 *(.rel.text.*)
 *(.rel.gnu.linkonce.t*)

.rela.text
 *(.rela.text)
 *(.rela.text.*)
 *(.rela.gnu.linkonce.t*)

.rel.fini
 *(.rel.fini)

.rela.fini
 *(.rela.fini)

.rel.rodata
 *(.rel.rodata)
 *(.rel.rodata.*)
 *(.rel.gnu.linkonce.r*)

.rela.rodata
 *(.rela.rodata)
 *(.rela.rodata.*)
 *(.rela.gnu.linkonce.r*)

.rel.data
 *(.rel.data)
 *(.rel.data.*)
 *(.rel.gnu.linkonce.d*)

.rela.data
 *(.rela.data)
 *(.rela.data.*)
 *(.rela.gnu.linkonce.d*)

.rel.ctors
 *(.rel.ctors)

.rela.ctors
 *(.rela.ctors)

.rel.dtors
 *(.rel.dtors)

.rela.dtors
 *(.rela.dtors)

.rel.got
 *(.rel.got)

.rela.got
 *(.rela.got)

.rel.bss
 *(.rel.bss)

.rela.bss
 *(.rela.bss)

.rel.plt
 *(.rel.plt)

.rela.plt
 *(.rela.plt)

.text           0x0000000000000000    0x1ccbe
 *(.vectors)
 .vectors       0x0000000000000000       0xe4 /usr/lib/gcc/avr/5.4.0/../../../avr/lib/avr6/crtatmega2560.o
                0x0000000000000000                __vectors
                0x0000000000000000                __vector_default
 *(.vectors)
 *(.progmem.gcc*)
 .progmem.gcc_sw_table._ZN4host18processQueryPacketERK8InPacketR9OutPacket
                0x00000000000000e4       0x38 build/ff_creatorx-2560/MightyBoard/Motherboard/Host.o
 .progmem.gcc_sw_table._ZN7RGB_LED15setDefaultColorEh
                0x000000000000011c       0x10 build/ff_creatorx-2560/MightyBoard/Motherboard/boards/mighty_one/RGB_LED.o
 .progmem.gcc_sw_table._ZN17MonitorModeScreen6updateER19LiquidCrystalSerialb
                0x000000000000012c       0x10 build/ff_creatorx-2560/MightyBoard/shared/Menu.o
                0x000000000000013c                . = ALIGN (0x2)
                0x000000000000013c                __trampolines_start = .
 *(.trampolines)
 .trampolines   0x000000000000013c      0x39c linker stubs
 *(.trampolines*)
                0x00000000000004d8                __trampolines_end = .
 *libprintf_flt.a:*(.progmem.data)
 *libc.a:*(.progmem.data)
 *(.progmem*)
 .progmem.data._ZZN4host14getMachineNameEvE18defaultMachineName
                0x00000000000004d8        0xd build/ff_creatorx-2560/MightyBoard/Motherboard/Host.o
 .progmem.data._ZN5PiezoL21tune_sailfish_startupE
                0x00000000000004e5       0x40 build/ff_creatorx-2560/MightyBoard/Motherboard/Piezo.o
 .progmem.data._ZN5PiezoL10tune_pauseE
                0x0000000000000525       0x20 build/ff_creatorx-2560/MightyBoard/Motherboard/Piezo.o
 .progmem.data._ZN5PiezoL19tune_filament_startE
                0x0000000000000545       0x20 build/ff_creatorx-2560/MightyBoard/Motherboard/Piezo.o
 .progmem.data._ZN5PiezoL18tune_beethoven_5thE
                0x0000000000000565       0x40 build/ff_creatorx-2560/MightyBoard/Motherboard/Piezo.o
 .progmem.data._ZN5PiezoL16tune_makerbot_tvE
                0x00000000000005a5       0x28 build/ff_creatorx-2560/MightyBoard/Motherboard/Piezo.o
 .progmem.data._ZN5PiezoL15tune_print_doneE
                0x00000000000005cd       0x2c build/ff_creatorx-2560/MightyBoard/Motherboard/Piezo.o
 .progmem.data._ZN5PiezoL12tune_startupE
                0x00000000000005f9       0x18 build/ff_creatorx-2560/MightyBoard/Motherboard/Piezo.o
 .progmem.data._ZN5PiezoL10tune_errorE
                0x0000000000000611       0x18 build/ff_creatorx-2560/MightyBoard/Motherboard/Piezo.o
 .progmem.data._ZL22speed_lookuptable_slow
                0x0000000000000629      0x400 build/ff_creatorx-2560/MightyBoard/Motherboard/StepperAccel.o
 .progmem.data._ZL22speed_lookuptable_fast
                0x0000000000000a29      0x400 build/ff_creatorx-2560/MightyBoard/Motherboard/StepperAccel.o
 .progmem.data._ZL10LevelPlate
                0x0000000000000e29      0x23b build/ff_creatorx-2560/MightyBoard/Motherboard/UtilityScripts.o
 .progmem.data._ZL7Lengths
                0x0000000000001064        0x6 build/ff_creatorx-2560/MightyBoard/Motherboard/UtilityScripts.o
 .progmem.data._ZL11crc16_table
                0x000000000000106a      0x200 build/ff_creatorx-2560/MightyBoard/Motherboard/lib_sd/sd_crc.o
 .progmem.data._ZZN10EepromMenu6updateER19LiquidCrystalSerialbE4msg2_0
                0x000000000000126a        0x8 build/ff_creatorx-2560/MightyBoard/shared/Menu.o
 .progmem.data._ZZN10EepromMenu6updateER19LiquidCrystalSerialbE4msg1_0
                0x0000000000001272        0x9 build/ff_creatorx-2560/MightyBoard/shared/Menu.o
 .progmem.data._ZZN10EepromMenu6updateER19LiquidCrystalSerialbE15message_erasing
                0x000000000000127b        0xb build/ff_creatorx-2560/MightyBoard/shared/Menu.o
 .progmem.data._ZZN10EepromMenu6updateER19LiquidCrystalSerialbE14eeprom_dumpfnf
                0x0000000000001286       0x1e build/ff_creatorx-2560/MightyBoard/shared/Menu.o
 .progmem.data._ZZN10EepromMenu6updateER19LiquidCrystalSerialbE17eeprom_badrestore
                0x00000000000012a4       0x23 build/ff_creatorx-2560/MightyBoard/shared/Menu.o
 .progmem.data._ZZN10EepromMenu6updateER19LiquidCrystalSerialbE15message_restore
                0x00000000000012c7        0xd build/ff_creatorx-2560/MightyBoard/shared/Menu.o
 .progmem.data._ZZN10EepromMenu6updateER19LiquidCrystalSerialbE17eeprom_dumpexists
                0x00000000000012d4       0x23 build/ff_creatorx-2560/MightyBoard/shared/Menu.o
 .progmem.data._ZZN10EepromMenu6updateER19LiquidCrystalSerialbE16eeprom_writefail
                0x00000000000012f7       0x15 build/ff_creatorx-2560/MightyBoard/shared/Menu.o
 .progmem.data._ZZN10EepromMenu6updateER19LiquidCrystalSerialbE12message_dump
                0x000000000000130c        0xa build/ff_creatorx-2560/MightyBoard/shared/Menu.o
 .progmem.data._ZZN10EepromMenu6updateER19LiquidCrystalSerialbE4msg4
                0x0000000000001316       0x15 build/ff_creatorx-2560/MightyBoard/shared/Menu.o
 .progmem.data._ZZN10EepromMenu6updateER19LiquidCrystalSerialbE4msg2
                0x000000000000132b       0x15 build/ff_creatorx-2560/MightyBoard/shared/Menu.o
 .progmem.data._ZZN10EepromMenu6updateER19LiquidCrystalSerialbE4msg1
                0x0000000000001340       0x13 build/ff_creatorx-2560/MightyBoard/shared/Menu.o
 .progmem.data._ZL11SPLASH4_MSG
                0x0000000000001353       0x15 build/ff_creatorx-2560/MightyBoard/shared/Menu.o
 .progmem.data._ZL11SPLASH3_MSG
                0x0000000000001368       0x15 build/ff_creatorx-2560/MightyBoard/shared/Menu.o
 .progmem.data._ZL11SPLASH2_MSG
                0x000000000000137d       0x15 build/ff_creatorx-2560/MightyBoard/shared/Menu.o
 .progmem.data._ZL11SPLASH1_MSG
                0x0000000000001392       0x15 build/ff_creatorx-2560/MightyBoard/shared/Menu.o
 .progmem.data._ZL9CLEAR_MSG
                0x00000000000013a7       0x15 build/ff_creatorx-2560/MightyBoard/shared/Menu.o
 .progmem.data._ZL16BLANK_CHAR_4_MSG
                0x00000000000013bc        0x5 build/ff_creatorx-2560/MightyBoard/shared/Menu.o
 .progmem.data._ZL14BLANK_CHAR_MSG
                0x00000000000013c1        0x2 build/ff_creatorx-2560/MightyBoard/shared/Menu.o
 .progmem.data._ZL11CELCIUS_MSG
                0x00000000000013c3        0x6 build/ff_creatorx-2560/MightyBoard/shared/Menu.o
 .progmem.data._ZL14ON_CELCIUS_MSG
                0x00000000000013c9        0x6 build/ff_creatorx-2560/MightyBoard/shared/Menu.o
 .progmem.data._ZL20table_hbp_thermistor
                0x00000000000013cf       0x54 build/ff_creatorx-2560/MightyBoard/shared/TemperatureTable.o
 .progmem.data.COOLING_FAN_PWM_MSG
                0x0000000000001423       0x12 build/ff_creatorx-2560/MightyBoard/shared/locale/Menu.EN.o
                0x0000000000001423                COOLING_FAN_PWM_MSG
 .progmem.data.MON_ELAPSED_TIME_MSG
                0x0000000000001435       0x15 build/ff_creatorx-2560/MightyBoard/shared/locale/Menu.EN.o
                0x0000000000001435                MON_ELAPSED_TIME_MSG
 .progmem.data.MON_TIME_LEFT_SECS_MSG
                0x000000000000144a        0x6 build/ff_creatorx-2560/MightyBoard/shared/locale/Menu.EN.o
                0x000000000000144a                MON_TIME_LEFT_SECS_MSG
 .progmem.data.MON_TIME_LEFT_MSG
                0x0000000000001450       0x15 build/ff_creatorx-2560/MightyBoard/shared/locale/Menu.EN.o
                0x0000000000001450                MON_TIME_LEFT_MSG
 .progmem.data.MAX_PROBE_HITS_MSG2
                0x0000000000001465       0x14 build/ff_creatorx-2560/MightyBoard/shared/locale/Menu.EN.o
                0x0000000000001465                MAX_PROBE_HITS_MSG2
 .progmem.data.MAX_PROBE_HITS_MSG1
                0x0000000000001479       0x11 build/ff_creatorx-2560/MightyBoard/shared/locale/Menu.EN.o
                0x0000000000001479                MAX_PROBE_HITS_MSG1
 .progmem.data.MAX_PROBE_HITS_STOP_MSG
                0x000000000000148a       0x51 build/ff_creatorx-2560/MightyBoard/shared/locale/Menu.EN.o
                0x000000000000148a                MAX_PROBE_HITS_STOP_MSG
 .progmem.data.ALEVEL_BADLEVEL_MSG
                0x00000000000014db       0x27 build/ff_creatorx-2560/MightyBoard/shared/locale/Menu.EN.o
                0x00000000000014db                ALEVEL_BADLEVEL_MSG
 .progmem.data.ALEVEL_MSG2
                0x0000000000001502       0x21 build/ff_creatorx-2560/MightyBoard/shared/locale/Menu.EN.o
                0x0000000000001502                ALEVEL_MSG2
 .progmem.data.ALEVEL_FAIL_MSG
                0x0000000000001523       0x21 build/ff_creatorx-2560/MightyBoard/shared/locale/Menu.EN.o
                0x0000000000001523                ALEVEL_FAIL_MSG
 .progmem.data.ALEVEL_GOOD_MSG
                0x0000000000001544       0x1d build/ff_creatorx-2560/MightyBoard/shared/locale/Menu.EN.o
                0x0000000000001544                ALEVEL_GOOD_MSG
 .progmem.data.ALEVEL_ACTIVE_MSG
                0x0000000000001561       0x15 build/ff_creatorx-2560/MightyBoard/shared/locale/Menu.EN.o
                0x0000000000001561                ALEVEL_ACTIVE_MSG
 .progmem.data.ALEVEL_INACTIVE_MSG
                0x0000000000001576       0x15 build/ff_creatorx-2560/MightyBoard/shared/locale/Menu.EN.o
                0x0000000000001576                ALEVEL_INACTIVE_MSG
 .progmem.data.ALEVEL_INCOMPLETE_MSG
                0x000000000000158b       0x25 build/ff_creatorx-2560/MightyBoard/shared/locale/Menu.EN.o
                0x000000000000158b                ALEVEL_INCOMPLETE_MSG
 .progmem.data.ALEVEL_COLINEAR_MSG
                0x00000000000015b0       0x25 build/ff_creatorx-2560/MightyBoard/shared/locale/Menu.EN.o
                0x00000000000015b0                ALEVEL_COLINEAR_MSG
 .progmem.data.ALEVEL_SCREEN_MSG2
                0x00000000000015d5       0x13 build/ff_creatorx-2560/MightyBoard/shared/locale/Menu.EN.o
                0x00000000000015d5                ALEVEL_SCREEN_MSG2
 .progmem.data.ALEVEL_SCREEN_MSG1
                0x00000000000015e8       0x14 build/ff_creatorx-2560/MightyBoard/shared/locale/Menu.EN.o
                0x00000000000015e8                ALEVEL_SCREEN_MSG1
 .progmem.data.ALEVEL_UTILITY_MSG
                0x00000000000015fc       0x14 build/ff_creatorx-2560/MightyBoard/shared/locale/Menu.EN.o
                0x00000000000015fc                ALEVEL_UTILITY_MSG
 .progmem.data.ALEVEL_COMP_OFFSET_MSG
                0x0000000000001610        0xc build/ff_creatorx-2560/MightyBoard/shared/locale/Menu.EN.o
                0x0000000000001610                ALEVEL_COMP_OFFSET_MSG
 .progmem.data.ALEVEL_UTILITY_COMP_MSG
                0x000000000000161c        0xf build/ff_creatorx-2560/MightyBoard/shared/locale/Menu.EN.o
                0x000000000000161c                ALEVEL_UTILITY_COMP_MSG
 .progmem.data.ALT_UART_1_MSG
                0x000000000000162b        0x6 build/ff_creatorx-2560/MightyBoard/shared/locale/Menu.EN.o
                0x000000000000162b                ALT_UART_1_MSG
 .progmem.data.ALT_UART_0_MSG
                0x0000000000001631        0x6 build/ff_creatorx-2560/MightyBoard/shared/locale/Menu.EN.o
                0x0000000000001631                ALT_UART_0_MSG
 .progmem.data.ALT_UART_MSG
                0x0000000000001637        0xb build/ff_creatorx-2560/MightyBoard/shared/locale/Menu.EN.o
                0x0000000000001637                ALT_UART_MSG
 .progmem.data.EEPROM_ERASE_MSG
                0x0000000000001642        0xd build/ff_creatorx-2560/MightyBoard/shared/locale/Menu.EN.o
                0x0000000000001642                EEPROM_ERASE_MSG
 .progmem.data.EEPROM_RESTORE_MSG
                0x000000000000164f        0xd build/ff_creatorx-2560/MightyBoard/shared/locale/Menu.EN.o
                0x000000000000164f                EEPROM_RESTORE_MSG
 .progmem.data.EEPROM_DUMP_MSG
                0x000000000000165c        0xd build/ff_creatorx-2560/MightyBoard/shared/locale/Menu.EN.o
                0x000000000000165c                EEPROM_DUMP_MSG
 .progmem.data.EEPROM_MSG
                0x0000000000001669        0x7 build/ff_creatorx-2560/MightyBoard/shared/locale/Menu.EN.o
                0x0000000000001669                EEPROM_MSG
 .progmem.data.BUILD_TIME2_MSG
                0x0000000000001670       0x14 build/ff_creatorx-2560/MightyBoard/shared/locale/Menu.EN.o
                0x0000000000001670                BUILD_TIME2_MSG
 .progmem.data.LAST_TIME_MSG
                0x0000000000001684       0x15 build/ff_creatorx-2560/MightyBoard/shared/locale/Menu.EN.o
                0x0000000000001684                LAST_TIME_MSG
 .progmem.data.TOTAL_TIME_MSG
                0x0000000000001699       0x15 build/ff_creatorx-2560/MightyBoard/shared/locale/Menu.EN.o
                0x0000000000001699                TOTAL_TIME_MSG
 .progmem.data.PAUSE_RESUMING_POSITION_MSG
                0x00000000000016ae       0x15 build/ff_creatorx-2560/MightyBoard/shared/locale/Menu.EN.o
                0x00000000000016ae                PAUSE_RESUMING_POSITION_MSG
 .progmem.data.PAUSE_CLEARING_BUILD_MSG
                0x00000000000016c3       0x15 build/ff_creatorx-2560/MightyBoard/shared/locale/Menu.EN.o
                0x00000000000016c3                PAUSE_CLEARING_BUILD_MSG
 .progmem.data.PAUSE_DRAINING_PIPELINE_MSG
                0x00000000000016d8       0x15 build/ff_creatorx-2560/MightyBoard/shared/locale/Menu.EN.o
                0x00000000000016d8                PAUSE_DRAINING_PIPELINE_MSG
 .progmem.data.PAUSE_LEAVE_MSG
                0x00000000000016ed       0x15 build/ff_creatorx-2560/MightyBoard/shared/locale/Menu.EN.o
                0x00000000000016ed                PAUSE_LEAVE_MSG
 .progmem.data.CANCELLING_ENTER_MSG
                0x0000000000001702       0x15 build/ff_creatorx-2560/MightyBoard/shared/locale/Menu.EN.o
                0x0000000000001702                CANCELLING_ENTER_MSG
 .progmem.data.PAUSE_ENTER_MSG
                0x0000000000001717       0x15 build/ff_creatorx-2560/MightyBoard/shared/locale/Menu.EN.o
                0x0000000000001717                PAUSE_ENTER_MSG
 .progmem.data.PAUSE_AT_ZPOS_MSG
                0x000000000000172c       0x10 build/ff_creatorx-2560/MightyBoard/shared/locale/Menu.EN.o
                0x000000000000172c                PAUSE_AT_ZPOS_MSG
 .progmem.data.PROFILE_PLATFORM_MSG
                0x000000000000173c       0x12 build/ff_creatorx-2560/MightyBoard/shared/locale/Menu.EN.o
                0x000000000000173c                PROFILE_PLATFORM_MSG
 .progmem.data.PROFILE_LEFT_MSG
                0x000000000000174e        0xc build/ff_creatorx-2560/MightyBoard/shared/locale/Menu.EN.o
                0x000000000000174e                PROFILE_LEFT_MSG
 .progmem.data.PROFILE_RIGHT_MSG
                0x000000000000175a        0xd build/ff_creatorx-2560/MightyBoard/shared/locale/Menu.EN.o
                0x000000000000175a                PROFILE_RIGHT_MSG
 .progmem.data.TOOLHEAD_OFFSETS_MSG
                0x0000000000001767       0x11 build/ff_creatorx-2560/MightyBoard/shared/locale/Menu.EN.o
                0x0000000000001767                TOOLHEAD_OFFSETS_MSG
 .progmem.data.XYZTOOLHEAD_MSG
                0x0000000000001778       0x12 build/ff_creatorx-2560/MightyBoard/shared/locale/Menu.EN.o
                0x0000000000001778                XYZTOOLHEAD_MSG
 .progmem.data.XYZOFFSET_MSG
                0x000000000000178a        0x9 build/ff_creatorx-2560/MightyBoard/shared/locale/Menu.EN.o
                0x000000000000178a                XYZOFFSET_MSG
 .progmem.data.UPDNLM_MSG
                0x0000000000001793       0x14 build/ff_creatorx-2560/MightyBoard/shared/locale/Menu.EN.o
                0x0000000000001793                UPDNLM_MSG
 .progmem.data.UPDNLRM_MSG
                0x00000000000017a7       0x13 build/ff_creatorx-2560/MightyBoard/shared/locale/Menu.EN.o
                0x00000000000017a7                UPDNLRM_MSG
 .progmem.data.PROFILE_PROFILE_NAME_MSG
                0x00000000000017ba        0xe build/ff_creatorx-2560/MightyBoard/shared/locale/Menu.EN.o
                0x00000000000017ba                PROFILE_PROFILE_NAME_MSG
 .progmem.data.PROFILE_SAVE_TO_PROFILE_MSG
                0x00000000000017c8       0x10 build/ff_creatorx-2560/MightyBoard/shared/locale/Menu.EN.o
                0x00000000000017c8                PROFILE_SAVE_TO_PROFILE_MSG
 .progmem.data.PROFILE_CHANGE_NAME_MSG
                0x00000000000017d8        0xc build/ff_creatorx-2560/MightyBoard/shared/locale/Menu.EN.o
                0x00000000000017d8                PROFILE_CHANGE_NAME_MSG
 .progmem.data.PROFILE_DISPLAY_CONFIG_MSG
                0x00000000000017e4        0xf build/ff_creatorx-2560/MightyBoard/shared/locale/Menu.EN.o
                0x00000000000017e4                PROFILE_DISPLAY_CONFIG_MSG
 .progmem.data.PROFILE_RESTORE_MSG
                0x00000000000017f3        0x8 build/ff_creatorx-2560/MightyBoard/shared/locale/Menu.EN.o
                0x00000000000017f3                PROFILE_RESTORE_MSG
 .progmem.data.FILAMENT_RESET_TRIP_MSG
                0x00000000000017fb       0x14 build/ff_creatorx-2560/MightyBoard/shared/locale/Menu.EN.o
                0x00000000000017fb                FILAMENT_RESET_TRIP_MSG
 .progmem.data.FILAMENT_TRIP2_MSG
                0x000000000000180f        0xb build/ff_creatorx-2560/MightyBoard/shared/locale/Menu.EN.o
                0x000000000000180f                FILAMENT_TRIP2_MSG
 .progmem.data.FILAMENT_LIFETIME2_MSG
                0x000000000000181a        0xa build/ff_creatorx-2560/MightyBoard/shared/locale/Menu.EN.o
                0x000000000000181a                FILAMENT_LIFETIME2_MSG
 .progmem.data.FILAMENT_TRIP1_MSG
                0x0000000000001824        0x6 build/ff_creatorx-2560/MightyBoard/shared/locale/Menu.EN.o
                0x0000000000001824                FILAMENT_TRIP1_MSG
 .progmem.data.FILAMENT_LIFETIME1_MSG
                0x000000000000182a        0x6 build/ff_creatorx-2560/MightyBoard/shared/locale/Menu.EN.o
                0x000000000000182a                FILAMENT_LIFETIME1_MSG
 .progmem.data.FILAMENT_ODOMETER_MSG
                0x0000000000001830       0x12 build/ff_creatorx-2560/MightyBoard/shared/locale/Menu.EN.o
                0x0000000000001830                FILAMENT_ODOMETER_MSG
 .progmem.data.HEATERS_OFF_MSG
                0x0000000000001842        0xc build/ff_creatorx-2560/MightyBoard/shared/locale/Menu.EN.o
                0x0000000000001842                HEATERS_OFF_MSG
 .progmem.data.CANCEL_BUILD_MSG
                0x000000000000184e        0xd build/ff_creatorx-2560/MightyBoard/shared/locale/Menu.EN.o
                0x000000000000184e                CANCEL_BUILD_MSG
 .progmem.data.STATS_MSG
                0x000000000000185b       0x11 build/ff_creatorx-2560/MightyBoard/shared/locale/Menu.EN.o
                0x000000000000185b                STATS_MSG
 .progmem.data.BACK_TO_MONITOR_MSG
                0x000000000000186c       0x10 build/ff_creatorx-2560/MightyBoard/shared/locale/Menu.EN.o
                0x000000000000186c                BACK_TO_MONITOR_MSG
 .progmem.data.METERS_MSG
                0x000000000000187c        0x2 build/ff_creatorx-2560/MightyBoard/shared/locale/Menu.EN.o
                0x000000000000187c                METERS_MSG
 .progmem.data.MILLIMETERS_MSG
                0x000000000000187e        0x3 build/ff_creatorx-2560/MightyBoard/shared/locale/Menu.EN.o
                0x000000000000187e                MILLIMETERS_MSG
 .progmem.data.HOME_OFFSETS_MSG
                0x0000000000001881        0xd build/ff_creatorx-2560/MightyBoard/shared/locale/Menu.EN.o
                0x0000000000001881                HOME_OFFSETS_MSG
 .progmem.data.PROFILES_MSG
                0x000000000000188e        0x9 build/ff_creatorx-2560/MightyBoard/shared/locale/Menu.EN.o
                0x000000000000188e                PROFILES_MSG
 .progmem.data.MON_FILAMENT_MSG
                0x0000000000001897       0x15 build/ff_creatorx-2560/MightyBoard/shared/locale/Menu.EN.o
                0x0000000000001897                MON_FILAMENT_MSG
 .progmem.data.FILAMENT_MSG
                0x00000000000018ac        0xa build/ff_creatorx-2560/MightyBoard/shared/locale/Menu.EN.o
                0x00000000000018ac                FILAMENT_MSG
 .progmem.data.Z_POSITION_MSG
                0x00000000000018b6        0xe build/ff_creatorx-2560/MightyBoard/shared/locale/Menu.EN.o
                0x00000000000018b6                Z_POSITION_MSG
 .progmem.data.BUILD_TIME_MSG
                0x00000000000018c4       0x15 build/ff_creatorx-2560/MightyBoard/shared/locale/Menu.EN.o
                0x00000000000018c4                BUILD_TIME_MSG
 .progmem.data.HEATER_FAIL_READ_MSG
                0x00000000000018d9       0x36 build/ff_creatorx-2560/MightyBoard/shared/locale/Menu.EN.o
                0x00000000000018d9                HEATER_FAIL_READ_MSG
 .progmem.data.HEATER_FAIL_NOT_PLUGGED_IN_MSG
                0x000000000000190f       0x36 build/ff_creatorx-2560/MightyBoard/shared/locale/Menu.EN.o
                0x000000000000190f                HEATER_FAIL_NOT_PLUGGED_IN_MSG
 .progmem.data.HEATER_FAIL_DROPPING_TEMP_MSG
                0x0000000000001945       0x22 build/ff_creatorx-2560/MightyBoard/shared/locale/Menu.EN.o
                0x0000000000001945                HEATER_FAIL_DROPPING_TEMP_MSG
 .progmem.data.HEATER_FAIL_NOT_HEATING_MSG
                0x0000000000001967       0x22 build/ff_creatorx-2560/MightyBoard/shared/locale/Menu.EN.o
                0x0000000000001967                HEATER_FAIL_NOT_HEATING_MSG
 .progmem.data.HEATER_FAIL_SOFTWARE_CUTOFF_MSG
                0x0000000000001989       0x29 build/ff_creatorx-2560/MightyBoard/shared/locale/Menu.EN.o
                0x0000000000001989                HEATER_FAIL_SOFTWARE_CUTOFF_MSG
 .progmem.data.HEATER_PLATFORM_MSG
                0x00000000000019b2       0x15 build/ff_creatorx-2560/MightyBoard/shared/locale/Menu.EN.o
                0x00000000000019b2                HEATER_PLATFORM_MSG
 .progmem.data.HEATER_TOOL1_MSG
                0x00000000000019c7       0x15 build/ff_creatorx-2560/MightyBoard/shared/locale/Menu.EN.o
                0x00000000000019c7                HEATER_TOOL1_MSG
 .progmem.data.HEATER_TOOL0_MSG
                0x00000000000019dc       0x15 build/ff_creatorx-2560/MightyBoard/shared/locale/Menu.EN.o
                0x00000000000019dc                HEATER_TOOL0_MSG
 .progmem.data.HEATER_TOOL_MSG
                0x00000000000019f1       0x15 build/ff_creatorx-2560/MightyBoard/shared/locale/Menu.EN.o
                0x00000000000019f1                HEATER_TOOL_MSG
 .progmem.data.HEATER_INACTIVITY_MSG
                0x0000000000001a06       0x22 build/ff_creatorx-2560/MightyBoard/shared/locale/Menu.EN.o
                0x0000000000001a06                HEATER_INACTIVITY_MSG
 .progmem.data.FILCANCEL_MSG
                0x0000000000001a28       0x3b build/ff_creatorx-2560/MightyBoard/shared/locale/Menu.EN.o
                0x0000000000001a28                FILCANCEL_MSG
 .progmem.data.EXTEMP_CHANGE_MSG
                0x0000000000001a63       0x4f build/ff_creatorx-2560/MightyBoard/shared/locale/Menu.EN.o
                0x0000000000001a63                EXTEMP_CHANGE_MSG
 .progmem.data.WAITING_MSG
                0x0000000000001ab2        0x9 build/ff_creatorx-2560/MightyBoard/shared/locale/Menu.EN.o
                0x0000000000001ab2                WAITING_MSG
 .progmem.data.NA_MSG
                0x0000000000001abb        0x9 build/ff_creatorx-2560/MightyBoard/shared/locale/Menu.EN.o
                0x0000000000001abb                NA_MSG
 .progmem.data.ERROR_MSG
                0x0000000000001ac4        0x7 build/ff_creatorx-2560/MightyBoard/shared/locale/Menu.EN.o
                0x0000000000001ac4                ERROR_MSG
 .progmem.data.OFF_COLOR_MSG
                0x0000000000001acb        0x7 build/ff_creatorx-2560/MightyBoard/shared/locale/Menu.EN.o
                0x0000000000001acb                OFF_COLOR_MSG
 .progmem.data.CUSTOM_COLOR_MSG
                0x0000000000001ad2        0x7 build/ff_creatorx-2560/MightyBoard/shared/locale/Menu.EN.o
                0x0000000000001ad2                CUSTOM_COLOR_MSG
 .progmem.data.WHITE_COLOR_MSG
                0x0000000000001ad9        0x7 build/ff_creatorx-2560/MightyBoard/shared/locale/Menu.EN.o
                0x0000000000001ad9                WHITE_COLOR_MSG
 .progmem.data.PURPLE_COLOR_MSG
                0x0000000000001ae0        0x7 build/ff_creatorx-2560/MightyBoard/shared/locale/Menu.EN.o
                0x0000000000001ae0                PURPLE_COLOR_MSG
 .progmem.data.BLUE_COLOR_MSG
                0x0000000000001ae7        0x7 build/ff_creatorx-2560/MightyBoard/shared/locale/Menu.EN.o
                0x0000000000001ae7                BLUE_COLOR_MSG
 .progmem.data.GREEN_COLOR_MSG
                0x0000000000001aee        0x7 build/ff_creatorx-2560/MightyBoard/shared/locale/Menu.EN.o
                0x0000000000001aee                GREEN_COLOR_MSG
 .progmem.data.PINK_COLOR_MSG
                0x0000000000001af5        0x7 build/ff_creatorx-2560/MightyBoard/shared/locale/Menu.EN.o
                0x0000000000001af5                PINK_COLOR_MSG
 .progmem.data.ORANGE_COLOR_MSG
                0x0000000000001afc        0x7 build/ff_creatorx-2560/MightyBoard/shared/locale/Menu.EN.o
                0x0000000000001afc                ORANGE_COLOR_MSG
 .progmem.data.RED_COLOR_MSG
                0x0000000000001b03        0x7 build/ff_creatorx-2560/MightyBoard/shared/locale/Menu.EN.o
                0x0000000000001b03                RED_COLOR_MSG
 .progmem.data.LED_MSG
                0x0000000000001b0a        0xb build/ff_creatorx-2560/MightyBoard/shared/locale/Menu.EN.o
                0x0000000000001b0a                LED_MSG
 .progmem.data.LIGHTS_ON_MSG
                0x0000000000001b15        0xf build/ff_creatorx-2560/MightyBoard/shared/locale/Menu.EN.o
                0x0000000000001b15                LIGHTS_ON_MSG
 .progmem.data.LIGHTS_OFF_MSG
                0x0000000000001b24        0xf build/ff_creatorx-2560/MightyBoard/shared/locale/Menu.EN.o
                0x0000000000001b24                LIGHTS_OFF_MSG
 .progmem.data.CANNOT_PRINT_ANOTHER_MSG
                0x0000000000001b33       0x14 build/ff_creatorx-2560/MightyBoard/shared/locale/Menu.EN.o
                0x0000000000001b33                CANNOT_PRINT_ANOTHER_MSG
 .progmem.data.PRINT_ANOTHER_MSG
                0x0000000000001b47       0x13 build/ff_creatorx-2560/MightyBoard/shared/locale/Menu.EN.o
                0x0000000000001b47                PRINT_ANOTHER_MSG
 .progmem.data.RETURN_TO_MAIN_MSG
                0x0000000000001b5a        0xa build/ff_creatorx-2560/MightyBoard/shared/locale/Menu.EN.o
                0x0000000000001b5a                RETURN_TO_MAIN_MSG
 .progmem.data.FAN_OFF_MSG
                0x0000000000001b64       0x14 build/ff_creatorx-2560/MightyBoard/shared/locale/Menu.EN.o
                0x0000000000001b64                FAN_OFF_MSG
 .progmem.data.FAN_ON_MSG
                0x0000000000001b78       0x14 build/ff_creatorx-2560/MightyBoard/shared/locale/Menu.EN.o
                0x0000000000001b78                FAN_ON_MSG
 .progmem.data.CHANGE_HBP_TEMP_MSG
                0x0000000000001b8c       0x10 build/ff_creatorx-2560/MightyBoard/shared/locale/Menu.EN.o
                0x0000000000001b8c                CHANGE_HBP_TEMP_MSG
 .progmem.data.CHANGE_TEMP_MSG
                0x0000000000001b9c       0x13 build/ff_creatorx-2560/MightyBoard/shared/locale/Menu.EN.o
                0x0000000000001b9c                CHANGE_TEMP_MSG
 .progmem.data.CHANGE_SPEED_MSG
                0x0000000000001baf        0xd build/ff_creatorx-2560/MightyBoard/shared/locale/Menu.EN.o
                0x0000000000001baf                CHANGE_SPEED_MSG
 .progmem.data.PAUSEATZPOS_MSG
                0x0000000000001bbc        0xe build/ff_creatorx-2560/MightyBoard/shared/locale/Menu.EN.o
                0x0000000000001bbc                PAUSEATZPOS_MSG
 .progmem.data.DITTO_PRINT_MSG
                0x0000000000001bca        0xf build/ff_creatorx-2560/MightyBoard/shared/locale/Menu.EN.o
                0x0000000000001bca                DITTO_PRINT_MSG
 .progmem.data.DISABLED_MSG
                0x0000000000001bd9        0x4 build/ff_creatorx-2560/MightyBoard/shared/locale/Menu.EN.o
                0x0000000000001bd9                DISABLED_MSG
 .progmem.data.PSTOP_MSG
                0x0000000000001bdd       0x11 build/ff_creatorx-2560/MightyBoard/shared/locale/Menu.EN.o
                0x0000000000001bdd                PSTOP_MSG
 .progmem.data.PSTOP_INVERTED_MSG
                0x0000000000001bee       0x10 build/ff_creatorx-2560/MightyBoard/shared/locale/Menu.EN.o
                0x0000000000001bee                PSTOP_INVERTED_MSG
 .progmem.data.PSTOP_ENABLE_MSG
                0x0000000000001bfe        0xf build/ff_creatorx-2560/MightyBoard/shared/locale/Menu.EN.o
                0x0000000000001bfe                PSTOP_ENABLE_MSG
 .progmem.data.SD_USE_CRC_MSG
                0x0000000000001c0d        0xf build/ff_creatorx-2560/MightyBoard/shared/locale/Menu.EN.o
                0x0000000000001c0d                SD_USE_CRC_MSG
 .progmem.data.EXTRUDER_HOLD_MSG
                0x0000000000001c1c        0xe build/ff_creatorx-2560/MightyBoard/shared/locale/Menu.EN.o
                0x0000000000001c1c                EXTRUDER_HOLD_MSG
 .progmem.data.PAUSE_HEAT_MSG
                0x0000000000001c2a       0x10 build/ff_creatorx-2560/MightyBoard/shared/locale/Menu.EN.o
                0x0000000000001c2a                PAUSE_HEAT_MSG
 .progmem.data.OVERRIDE_GCODE_TEMP_MSG
                0x0000000000001c3a       0x10 build/ff_creatorx-2560/MightyBoard/shared/locale/Menu.EN.o
                0x0000000000001c3a                OVERRIDE_GCODE_TEMP_MSG
 .progmem.data.HBP_MSG
                0x0000000000001c4a        0xe build/ff_creatorx-2560/MightyBoard/shared/locale/Menu.EN.o
                0x0000000000001c4a                HBP_MSG
 .progmem.data.ACCELERATE_MSG
                0x0000000000001c58        0xd build/ff_creatorx-2560/MightyBoard/shared/locale/Menu.EN.o
                0x0000000000001c58                ACCELERATE_MSG
 .progmem.data.EXIT_MSG
                0x0000000000001c65        0xa build/ff_creatorx-2560/MightyBoard/shared/locale/Menu.EN.o
                0x0000000000001c65                EXIT_MSG
 .progmem.data.SOUND_MSG
                0x0000000000001c6f        0x6 build/ff_creatorx-2560/MightyBoard/shared/locale/Menu.EN.o
                0x0000000000001c6f                SOUND_MSG
 .progmem.data.TOOL_COUNT_MSG
                0x0000000000001c75        0xf build/ff_creatorx-2560/MightyBoard/shared/locale/Menu.EN.o
                0x0000000000001c75                TOOL_COUNT_MSG
 .progmem.data.BOT_STATS_MSG
                0x0000000000001c84        0xf build/ff_creatorx-2560/MightyBoard/shared/locale/Menu.EN.o
                0x0000000000001c84                BOT_STATS_MSG
 .progmem.data.NOZZLES_MSG
                0x0000000000001c93       0x12 build/ff_creatorx-2560/MightyBoard/shared/locale/Menu.EN.o
                0x0000000000001c93                NOZZLES_MSG
 .progmem.data.RESET_MSG
                0x0000000000001ca5       0x11 build/ff_creatorx-2560/MightyBoard/shared/locale/Menu.EN.o
                0x0000000000001ca5                RESET_MSG
 .progmem.data.SETTINGS_MSG
                0x0000000000001cb6       0x11 build/ff_creatorx-2560/MightyBoard/shared/locale/Menu.EN.o
                0x0000000000001cb6                SETTINGS_MSG
 .progmem.data.PREHEAT_SET_MSG
                0x0000000000001cc7       0x11 build/ff_creatorx-2560/MightyBoard/shared/locale/Menu.EN.o
                0x0000000000001cc7                PREHEAT_SET_MSG
 .progmem.data.PLATE_LEVEL_MSG
                0x0000000000001cd8       0x12 build/ff_creatorx-2560/MightyBoard/shared/locale/Menu.EN.o
                0x0000000000001cd8                PLATE_LEVEL_MSG
 .progmem.data.ESTEPS_MSG
                0x0000000000001cea       0x12 build/ff_creatorx-2560/MightyBoard/shared/locale/Menu.EN.o
                0x0000000000001cea                ESTEPS_MSG
 .progmem.data.DSTEPS_MSG
                0x0000000000001cfc       0x11 build/ff_creatorx-2560/MightyBoard/shared/locale/Menu.EN.o
                0x0000000000001cfc                DSTEPS_MSG
 .progmem.data.VERSION_MSG
                0x0000000000001d0d       0x14 build/ff_creatorx-2560/MightyBoard/shared/locale/Menu.EN.o
                0x0000000000001d0d                VERSION_MSG
 .progmem.data.FILAMENT_OPTIONS_MSG
                0x0000000000001d21       0x11 build/ff_creatorx-2560/MightyBoard/shared/locale/Menu.EN.o
                0x0000000000001d21                FILAMENT_OPTIONS_MSG
 .progmem.data.HOME_AXES_MSG
                0x0000000000001d32        0xa build/ff_creatorx-2560/MightyBoard/shared/locale/Menu.EN.o
                0x0000000000001d32                HOME_AXES_MSG
 .progmem.data.JOG_MSG
                0x0000000000001d3c        0x9 build/ff_creatorx-2560/MightyBoard/shared/locale/Menu.EN.o
                0x0000000000001d3c                JOG_MSG
 .progmem.data.MONITOR_MSG
                0x0000000000001d45        0xd build/ff_creatorx-2560/MightyBoard/shared/locale/Menu.EN.o
                0x0000000000001d45                MONITOR_MSG
 .progmem.data.UTILITIES_MSG
                0x0000000000001d52        0xa build/ff_creatorx-2560/MightyBoard/shared/locale/Menu.EN.o
                0x0000000000001d52                UTILITIES_MSG
 .progmem.data.PREHEAT_MSG
                0x0000000000001d5c        0x8 build/ff_creatorx-2560/MightyBoard/shared/locale/Menu.EN.o
                0x0000000000001d5c                PREHEAT_MSG
 .progmem.data.BUILD_MSG
                0x0000000000001d64        0xe build/ff_creatorx-2560/MightyBoard/shared/locale/Menu.EN.o
                0x0000000000001d64                BUILD_MSG
 .progmem.data.PLATFORM_TIMEOUT_MSG
                0x0000000000001d72       0x35 build/ff_creatorx-2560/MightyBoard/shared/locale/Menu.EN.o
                0x0000000000001d72                PLATFORM_TIMEOUT_MSG
 .progmem.data.EXTRUDER_TIMEOUT_MSG
                0x0000000000001da7       0x35 build/ff_creatorx-2560/MightyBoard/shared/locale/Menu.EN.o
                0x0000000000001da7                EXTRUDER_TIMEOUT_MSG
 .progmem.data.CARDSIZE_MSG
                0x0000000000001ddc       0x4e build/ff_creatorx-2560/MightyBoard/shared/locale/Menu.EN.o
                0x0000000000001ddc                CARDSIZE_MSG
 .progmem.data.CARDFORMAT_MSG
                0x0000000000001e2a       0x44 build/ff_creatorx-2560/MightyBoard/shared/locale/Menu.EN.o
                0x0000000000001e2a                CARDFORMAT_MSG
 .progmem.data.CARDCRC_MSG
                0x0000000000001e6e       0x4e build/ff_creatorx-2560/MightyBoard/shared/locale/Menu.EN.o
                0x0000000000001e6e                CARDCRC_MSG
 .progmem.data.CARDERROR_MSG
                0x0000000000001ebc       0x13 build/ff_creatorx-2560/MightyBoard/shared/locale/Menu.EN.o
                0x0000000000001ebc                CARDERROR_MSG
 .progmem.data.NOCARD_MSG
                0x0000000000001ecf       0x14 build/ff_creatorx-2560/MightyBoard/shared/locale/Menu.EN.o
                0x0000000000001ecf                NOCARD_MSG
 .progmem.data.CARDNOFILES_MSG
                0x0000000000001ee3       0x11 build/ff_creatorx-2560/MightyBoard/shared/locale/Menu.EN.o
                0x0000000000001ee3                CARDNOFILES_MSG
 .progmem.data.CARDOPENERR_MSG
                0x0000000000001ef4       0x15 build/ff_creatorx-2560/MightyBoard/shared/locale/Menu.EN.o
                0x0000000000001ef4                CARDOPENERR_MSG
 .progmem.data.CARDCOMMS_MSG
                0x0000000000001f09       0x39 build/ff_creatorx-2560/MightyBoard/shared/locale/Menu.EN.o
                0x0000000000001f09                CARDCOMMS_MSG
 .progmem.data.BUILDING_MSG
                0x0000000000001f42       0x15 build/ff_creatorx-2560/MightyBoard/shared/locale/Menu.EN.o
                0x0000000000001f42                BUILDING_MSG
 .progmem.data.COLD_PAUSE_MSG
                0x0000000000001f57        0xb build/ff_creatorx-2560/MightyBoard/shared/locale/Menu.EN.o
                0x0000000000001f57                COLD_PAUSE_MSG
 .progmem.data.UNPAUSE_MSG
                0x0000000000001f62        0x8 build/ff_creatorx-2560/MightyBoard/shared/locale/Menu.EN.o
                0x0000000000001f62                UNPAUSE_MSG
 .progmem.data.PAUSE_MSG
                0x0000000000001f6a        0x8 build/ff_creatorx-2560/MightyBoard/shared/locale/Menu.EN.o
                0x0000000000001f6a                PAUSE_MSG
 .progmem.data.CANCEL_FIL_MSG
                0x0000000000001f72       0x14 build/ff_creatorx-2560/MightyBoard/shared/locale/Menu.EN.o
                0x0000000000001f72                CANCEL_FIL_MSG
 .progmem.data.CANCEL_MSG
                0x0000000000001f86       0x13 build/ff_creatorx-2560/MightyBoard/shared/locale/Menu.EN.o
                0x0000000000001f86                CANCEL_MSG
 .progmem.data.RESET2_MSG
                0x0000000000001f99        0xa build/ff_creatorx-2560/MightyBoard/shared/locale/Menu.EN.o
                0x0000000000001f99                RESET2_MSG
 .progmem.data.RESET1_MSG
                0x0000000000001fa3       0x10 build/ff_creatorx-2560/MightyBoard/shared/locale/Menu.EN.o
                0x0000000000001fa3                RESET1_MSG
 .progmem.data.PLATFORM_SPACES_MSG
                0x0000000000001fb3       0x14 build/ff_creatorx-2560/MightyBoard/shared/locale/Menu.EN.o
                0x0000000000001fb3                PLATFORM_SPACES_MSG
 .progmem.data.LEFT_SPACES_MSG
                0x0000000000001fc7       0x14 build/ff_creatorx-2560/MightyBoard/shared/locale/Menu.EN.o
                0x0000000000001fc7                LEFT_SPACES_MSG
 .progmem.data.RIGHT_SPACES_MSG
                0x0000000000001fdb       0x14 build/ff_creatorx-2560/MightyBoard/shared/locale/Menu.EN.o
                0x0000000000001fdb                RIGHT_SPACES_MSG
 .progmem.data.EXTRUDER_SPACES_MSG
                0x0000000000001fef       0x14 build/ff_creatorx-2560/MightyBoard/shared/locale/Menu.EN.o
                0x0000000000001fef                EXTRUDER_SPACES_MSG
 .progmem.data.FILAMENT_CANCEL_MSG
                0x0000000000002003       0x15 build/ff_creatorx-2560/MightyBoard/shared/locale/Menu.EN.o
                0x0000000000002003                FILAMENT_CANCEL_MSG
 .progmem.data.EXTRUDER_TEMP_MSG
                0x0000000000002018       0x15 build/ff_creatorx-2560/MightyBoard/shared/locale/Menu.EN.o
                0x0000000000002018                EXTRUDER_TEMP_MSG
 .progmem.data.PLATFORM_TEMP_MSG
                0x000000000000202d       0x15 build/ff_creatorx-2560/MightyBoard/shared/locale/Menu.EN.o
                0x000000000000202d                PLATFORM_TEMP_MSG
 .progmem.data.EXTRUDER2_TEMP_MSG
                0x0000000000002042       0x15 build/ff_creatorx-2560/MightyBoard/shared/locale/Menu.EN.o
                0x0000000000002042                EXTRUDER2_TEMP_MSG
 .progmem.data.EXTRUDER1_TEMP_MSG
                0x0000000000002057       0x15 build/ff_creatorx-2560/MightyBoard/shared/locale/Menu.EN.o
                0x0000000000002057                EXTRUDER1_TEMP_MSG
 .progmem.data.BUILD_PERCENT_MSG
                0x000000000000206c        0x5 build/ff_creatorx-2560/MightyBoard/shared/locale/Menu.EN.o
                0x000000000000206c                BUILD_PERCENT_MSG
 .progmem.data.HEATING_SPACES_MSG
                0x0000000000002071       0x15 build/ff_creatorx-2560/MightyBoard/shared/locale/Menu.EN.o
                0x0000000000002071                HEATING_SPACES_MSG
 .progmem.data.HEATING_MSG
                0x0000000000002086        0x9 build/ff_creatorx-2560/MightyBoard/shared/locale/Menu.EN.o
                0x0000000000002086                HEATING_MSG
 .progmem.data.JOG3Z_MSG
                0x000000000000208f       0x15 build/ff_creatorx-2560/MightyBoard/shared/locale/Menu.EN.o
                0x000000000000208f                JOG3Z_MSG
 .progmem.data.JOG3Y_MSG
                0x00000000000020a4       0x15 build/ff_creatorx-2560/MightyBoard/shared/locale/Menu.EN.o
                0x00000000000020a4                JOG3Y_MSG
 .progmem.data.JOG4X_MSG
                0x00000000000020b9       0x15 build/ff_creatorx-2560/MightyBoard/shared/locale/Menu.EN.o
                0x00000000000020b9                JOG4X_MSG
 .progmem.data.JOG3X_MSG
                0x00000000000020ce       0x15 build/ff_creatorx-2560/MightyBoard/shared/locale/Menu.EN.o
                0x00000000000020ce                JOG3X_MSG
 .progmem.data.JOG2X_MSG
                0x00000000000020e3       0x15 build/ff_creatorx-2560/MightyBoard/shared/locale/Menu.EN.o
                0x00000000000020e3                JOG2X_MSG
 .progmem.data.JOG1_MSG
                0x00000000000020f8       0x15 build/ff_creatorx-2560/MightyBoard/shared/locale/Menu.EN.o
                0x00000000000020f8                JOG1_MSG
 .progmem.data.UNLOAD_LEFT_MSG
                0x000000000000210d        0xc build/ff_creatorx-2560/MightyBoard/shared/locale/Menu.EN.o
                0x000000000000210d                UNLOAD_LEFT_MSG
 .progmem.data.UNLOAD_RIGHT_MSG
                0x0000000000002119        0xd build/ff_creatorx-2560/MightyBoard/shared/locale/Menu.EN.o
                0x0000000000002119                UNLOAD_RIGHT_MSG
 .progmem.data.UNLOAD_SINGLE_MSG
                0x0000000000002126        0x7 build/ff_creatorx-2560/MightyBoard/shared/locale/Menu.EN.o
                0x0000000000002126                UNLOAD_SINGLE_MSG
 .progmem.data.LOAD_SINGLE_MSG
                0x000000000000212d        0x5 build/ff_creatorx-2560/MightyBoard/shared/locale/Menu.EN.o
                0x000000000000212d                LOAD_SINGLE_MSG
 .progmem.data.LOAD_LEFT_MSG
                0x0000000000002132        0xa build/ff_creatorx-2560/MightyBoard/shared/locale/Menu.EN.o
                0x0000000000002132                LOAD_LEFT_MSG
 .progmem.data.LOAD_RIGHT_MSG
                0x000000000000213c        0xb build/ff_creatorx-2560/MightyBoard/shared/locale/Menu.EN.o
                0x000000000000213c                LOAD_RIGHT_MSG
 .progmem.data.TIMEOUT_MSG
                0x0000000000002147       0x44 build/ff_creatorx-2560/MightyBoard/shared/locale/Menu.EN.o
                0x0000000000002147                TIMEOUT_MSG
 .progmem.data.STOP_EXIT_MSG
                0x000000000000218b       0x46 build/ff_creatorx-2560/MightyBoard/shared/locale/Menu.EN.o
                0x000000000000218b                STOP_EXIT_MSG
 .progmem.data.HEATER_ERROR_MSG
                0x00000000000021d1       0x30 build/ff_creatorx-2560/MightyBoard/shared/locale/Menu.EN.o
                0x00000000000021d1                HEATER_ERROR_MSG
 .progmem.data.YAXIS_MSG
                0x0000000000002201        0xc build/ff_creatorx-2560/MightyBoard/shared/locale/Menu.EN.o
                0x0000000000002201                YAXIS_MSG
 .progmem.data.XAXIS_MSG
                0x000000000000220d        0xc build/ff_creatorx-2560/MightyBoard/shared/locale/Menu.EN.o
                0x000000000000220d                XAXIS_MSG
 .progmem.data.YES_MSG
                0x0000000000002219        0x4 build/ff_creatorx-2560/MightyBoard/shared/locale/Menu.EN.o
                0x0000000000002219                YES_MSG
 .progmem.data.NO_MSG
                0x000000000000221d        0x4 build/ff_creatorx-2560/MightyBoard/shared/locale/Menu.EN.o
                0x000000000000221d                NO_MSG
 .progmem.data.DONE_MSG
                0x0000000000002221        0x5 build/ff_creatorx-2560/MightyBoard/shared/locale/Menu.EN.o
                0x0000000000002221                DONE_MSG
 .progmem.data.SELECT_MSG
                0x0000000000002226       0x13 build/ff_creatorx-2560/MightyBoard/shared/locale/Menu.EN.o
                0x0000000000002226                SELECT_MSG
 .progmem.data.TOOL_MSG
                0x0000000000002239        0x9 build/ff_creatorx-2560/MightyBoard/shared/locale/Menu.EN.o
                0x0000000000002239                TOOL_MSG
 .progmem.data.PLATFORM_MSG
                0x0000000000002242        0x9 build/ff_creatorx-2560/MightyBoard/shared/locale/Menu.EN.o
                0x0000000000002242                PLATFORM_MSG
 .progmem.data.STOP_MSG
                0x000000000000224b       0x11 build/ff_creatorx-2560/MightyBoard/shared/locale/Menu.EN.o
                0x000000000000224b                STOP_MSG
 .progmem.data.GO_MSG
                0x000000000000225c       0x11 build/ff_creatorx-2560/MightyBoard/shared/locale/Menu.EN.o
                0x000000000000225c                GO_MSG
 .progmem.data.SPLASH_SRAM_MSG
                0x000000000000226d        0xb build/ff_creatorx-2560/MightyBoard/shared/locale/Menu.EN.o
                0x000000000000226d                SPLASH_SRAM_MSG
 .progmem.data.OFF_MSG
                0x0000000000002278        0x4 build/ff_creatorx-2560/MightyBoard/shared/locale/Menu.EN.o
                0x0000000000002278                OFF_MSG
 .progmem.data.ON_MSG
                0x000000000000227c        0x4 build/ff_creatorx-2560/MightyBoard/shared/locale/Menu.EN.o
                0x000000000000227c                ON_MSG
                0x0000000000002280                . = ALIGN (0x2)
 *(.jumptables)
 *(.jumptables*)
 *(.lowtext)
 *(.lowtext*)
                0x0000000000002280                __ctors_start = .
 *(.ctors)
 .ctors         0x0000000000002280        0x2 build/ff_creatorx-2560/MightyBoard/Motherboard/Command.o
 .ctors         0x0000000000002282        0x2 build/ff_creatorx-2560/MightyBoard/Motherboard/EepromMap.o
 .ctors         0x0000000000002284        0x2 build/ff_creatorx-2560/MightyBoard/Motherboard/Host.o
 .ctors         0x0000000000002286        0x2 build/ff_creatorx-2560/MightyBoard/Motherboard/Main.o
 .ctors         0x0000000000002288        0x2 build/ff_creatorx-2560/MightyBoard/Motherboard/Motherboard.o
 .ctors         0x000000000000228a        0x2 build/ff_creatorx-2560/MightyBoard/Motherboard/Piezo.o
 .ctors         0x000000000000228c        0x2 build/ff_creatorx-2560/MightyBoard/Motherboard/SDCard.o
 .ctors         0x000000000000228e        0x2 build/ff_creatorx-2560/MightyBoard/Motherboard/SkewTilt.o
 .ctors         0x0000000000002290        0x2 build/ff_creatorx-2560/MightyBoard/Motherboard/SoftI2cManager.o
 .ctors         0x0000000000002292        0x2 build/ff_creatorx-2560/MightyBoard/Motherboard/StepperAccel.o
 .ctors         0x0000000000002294        0x2 build/ff_creatorx-2560/MightyBoard/Motherboard/StepperAccelPlanner.o
 .ctors         0x0000000000002296        0x2 build/ff_creatorx-2560/MightyBoard/Motherboard/StepperAxis.o
 .ctors         0x0000000000002298        0x2 build/ff_creatorx-2560/MightyBoard/Motherboard/Steppers.o
 .ctors         0x000000000000229a        0x2 build/ff_creatorx-2560/MightyBoard/Motherboard/UtilityScripts.o
 .ctors         0x000000000000229c        0x2 build/ff_creatorx-2560/MightyBoard/Motherboard/boards/mighty_one/DigiPots.o
 .ctors         0x000000000000229e        0x2 build/ff_creatorx-2560/MightyBoard/Motherboard/boards/mighty_one/RGB_LED.o
 .ctors         0x00000000000022a0        0x2 build/ff_creatorx-2560/MightyBoard/Motherboard/boards/mighty_one/StandardButtonArray.o
 .ctors         0x00000000000022a2        0x2 build/ff_creatorx-2560/MightyBoard/Motherboard/lib_sd/fat.o
 .ctors         0x00000000000022a4        0x2 build/ff_creatorx-2560/MightyBoard/Motherboard/lib_sd/partition.o
 .ctors         0x00000000000022a6        0x2 build/ff_creatorx-2560/MightyBoard/Motherboard/lib_sd/sd_raw.o
 .ctors         0x00000000000022a8        0x2 build/ff_creatorx-2560/MightyBoard/shared/AnalogButtonArray.o
 .ctors         0x00000000000022aa        0x2 build/ff_creatorx-2560/MightyBoard/shared/CoolingFan.o
 .ctors         0x00000000000022ac        0x2 build/ff_creatorx-2560/MightyBoard/shared/Eeprom.o
 .ctors         0x00000000000022ae        0x2 build/ff_creatorx-2560/MightyBoard/shared/ExtruderBoard.o
 .ctors         0x00000000000022b0        0x2 build/ff_creatorx-2560/MightyBoard/shared/Heater.o
 .ctors         0x00000000000022b2        0x2 build/ff_creatorx-2560/MightyBoard/shared/Interface.o
 .ctors         0x00000000000022b4        0x2 build/ff_creatorx-2560/MightyBoard/shared/InterfaceBoard.o
 .ctors         0x00000000000022b6        0x2 build/ff_creatorx-2560/MightyBoard/shared/LiquidCrystalSerial.o
 .ctors         0x00000000000022b8        0x2 build/ff_creatorx-2560/MightyBoard/shared/LiquidCrystalSerial_I2C.o
 .ctors         0x00000000000022ba        0x2 build/ff_creatorx-2560/MightyBoard/shared/Menu.o
 .ctors         0x00000000000022bc        0x2 build/ff_creatorx-2560/MightyBoard/shared/StandardLiquidCrystalSerial.o
 .ctors         0x00000000000022be        0x2 build/ff_creatorx-2560/MightyBoard/shared/Thermocouple.o
 .ctors         0x00000000000022c0        0x2 build/ff_creatorx-2560/MightyBoard/shared/Timeout.o
 .ctors         0x00000000000022c2        0x2 build/ff_creatorx-2560/MightyBoard/shared/UART.o
 .ctors         0x00000000000022c4        0x2 build/ff_creatorx-2560/MightyBoard/shared/VikiInterface.o
                0x00000000000022c6                __ctors_end = .
                0x00000000000022c6                __dtors_start = .
 *(.dtors)
                0x00000000000022c6                __dtors_end = .
 SORT(*)(.ctors)
 SORT(*)(.dtors)
 *(.init0)
 .init0         0x00000000000022c6        0x0 /usr/lib/gcc/avr/5.4.0/../../../avr/lib/avr6/crtatmega2560.o
                0x00000000000022c6                __init
 *(.init0)
 *(.init1)
 .init1         0x00000000000022c6       0x14 build/ff_creatorx-2560/MightyBoard/Motherboard/Main.o
                0x00000000000022c6                _Z10StackPaintv
 *(.init1)
 *(.init2)
 .init2         0x00000000000022da       0x10 /usr/lib/gcc/avr/5.4.0/../../../avr/lib/avr6/crtatmega2560.o
 *(.init2)
 *(.init3)
 *(.init3)
 *(.init4)
 .init4         0x00000000000022ea       0x1a /usr/lib/gcc/avr/5.4.0/avr6/libgcc.a(_copy_data.o)
                0x00000000000022ea                __do_copy_data
 .init4         0x0000000000002304       0x10 /usr/lib/gcc/avr/5.4.0/avr6/libgcc.a(_clear_bss.o)
                0x0000000000002304                __do_clear_bss
 *(.init4)
 *(.init5)
 *(.init5)
 *(.init6)
 .init6         0x0000000000002314       0x20 /usr/lib/gcc/avr/5.4.0/avr6/libgcc.a(_ctors.o)
                0x0000000000002314                __do_global_ctors
 *(.init6)
 *(.init7)
 *(.init7)
 *(.init8)
 *(.init8)
 *(.init9)
 .init9         0x0000000000002334        0x8 /usr/lib/gcc/avr/5.4.0/../../../avr/lib/avr6/crtatmega2560.o
 *(.init9)
 *(.text)
 .text          0x000000000000233c        0x4 /usr/lib/gcc/avr/5.4.0/../../../avr/lib/avr6/crtatmega2560.o
                0x000000000000233c                __vector_22
                0x000000000000233c                __vector_28
                0x000000000000233c                __vector_1
                0x000000000000233c                __vector_34
                0x000000000000233c                __vector_24
                0x000000000000233c                __vector_12
                0x000000000000233c                __vector_55
                0x000000000000233c                __vector_46
                0x000000000000233c                __bad_interrupt
                0x000000000000233c                __vector_6
                0x000000000000233c                __vector_31
                0x000000000000233c                __vector_35
                0x000000000000233c                __vector_39
                0x000000000000233c                __vector_3
                0x000000000000233c                __vector_23
                0x000000000000233c                __vector_30
                0x000000000000233c                __vector_45
                0x000000000000233c                __vector_11
                0x000000000000233c                __vector_54
                0x000000000000233c                __vector_17
                0x000000000000233c                __vector_19
                0x000000000000233c                __vector_56
                0x000000000000233c                __vector_7
                0x000000000000233c                __vector_49
                0x000000000000233c                __vector_41
                0x000000000000233c                __vector_43
                0x000000000000233c                __vector_5
                0x000000000000233c                __vector_33
                0x000000000000233c                __vector_52
                0x000000000000233c                __vector_37
                0x000000000000233c                __vector_4
                0x000000000000233c                __vector_44
                0x000000000000233c                __vector_51
                0x000000000000233c                __vector_9
                0x000000000000233c                __vector_2
                0x000000000000233c                __vector_21
                0x000000000000233c                __vector_15
                0x000000000000233c                __vector_40
                0x000000000000233c                __vector_8
                0x000000000000233c                __vector_26
                0x000000000000233c                __vector_48
                0x000000000000233c                __vector_14
                0x000000000000233c                __vector_53
                0x000000000000233c                __vector_10
                0x000000000000233c                __vector_50
                0x000000000000233c                __vector_16
                0x000000000000233c                __vector_18
                0x000000000000233c                __vector_20
                0x000000000000233c                __vector_42
 .text          0x0000000000002340       0x14 /usr/lib/gcc/avr/5.4.0/../../../avr/lib/avr6/libc.a(memcpy_PF.o)
                0x0000000000002340                memcpy_PF
                0x0000000000002354                . = ALIGN (0x2)
 *(.text.*)
 .text._ZN7commandL10pstop_incrEv
                0x0000000000002354       0x22 build/ff_creatorx-2560/MightyBoard/Motherboard/Command.o
 .text._ZN7commandL10heatersOffEv
                0x0000000000002376        0xc build/ff_creatorx-2560/MightyBoard/Motherboard/Command.o
 .text._ZN7commandL14cancelMidBuildEv
                0x0000000000002382       0x20 build/ff_creatorx-2560/MightyBoard/Motherboard/Command.o
 .text._ZN7command20getRemainingCapacityEv
                0x00000000000023a2       0x16 build/ff_creatorx-2560/MightyBoard/Motherboard/Command.o
                0x00000000000023a2                _ZN7command20getRemainingCapacityEv
 .text._ZN7command20displayStatusMessageEPKhS1_b
                0x00000000000023b8       0x68 build/ff_creatorx-2560/MightyBoard/Motherboard/Command.o
                0x00000000000023b8                _ZN7command20displayStatusMessageEPKhS1_b
 .text._ZN7command19removeStatusMessageEv
                0x0000000000002420       0x40 build/ff_creatorx-2560/MightyBoard/Motherboard/Command.o
                0x0000000000002420                _ZN7command19removeStatusMessageEv
 .text._ZN7command18getBuildPercentageEv
                0x0000000000002460        0x6 build/ff_creatorx-2560/MightyBoard/Motherboard/Command.o
                0x0000000000002460                _ZN7command18getBuildPercentageEv
 .text._ZN7command13alevel_updateER5Point
                0x0000000000002466      0x146 build/ff_creatorx-2560/MightyBoard/Motherboard/Command.o
                0x0000000000002466                _ZN7command13alevel_updateER5Point
 .text._ZN7command19pauseUnRetractClearEv
                0x00000000000025ac        0x6 build/ff_creatorx-2560/MightyBoard/Motherboard/Command.o
                0x00000000000025ac                _ZN7command19pauseUnRetractClearEv
 .text._ZN7command5pauseEbb
                0x00000000000025b2       0x1c build/ff_creatorx-2560/MightyBoard/Motherboard/Command.o
                0x00000000000025b2                _ZN7command5pauseEbb
 .text._ZN7command12heatShutdownEv
                0x00000000000025ce        0x8 build/ff_creatorx-2560/MightyBoard/Motherboard/Command.o
                0x00000000000025ce                _ZN7command12heatShutdownEv
 .text._ZN7command8isPausedEv
                0x00000000000025d6       0x1c build/ff_creatorx-2560/MightyBoard/Motherboard/Command.o
                0x00000000000025d6                _ZN7command8isPausedEv
 .text._ZN7command10pauseStateEv
                0x00000000000025f2        0x6 build/ff_creatorx-2560/MightyBoard/Motherboard/Command.o
                0x00000000000025f2                _ZN7command10pauseStateEv
 .text._ZN7command22pauseIntermediateStateEv
                0x00000000000025f8        0xe build/ff_creatorx-2560/MightyBoard/Motherboard/Command.o
                0x00000000000025f8                _ZN7command22pauseIntermediateStateEv
 .text._ZN7command11pauseAtZPosEl
                0x0000000000002606       0x7a build/ff_creatorx-2560/MightyBoard/Motherboard/Command.o
                0x0000000000002606                _ZN7command11pauseAtZPosEl
 .text._ZN7command14getPauseAtZPosEv
                0x0000000000002680       0x12 build/ff_creatorx-2560/MightyBoard/Motherboard/Command.o
                0x0000000000002680                _ZN7command14getPauseAtZPosEv
 .text._ZN7command7isEmptyEv
                0x0000000000002692       0x12 build/ff_creatorx-2560/MightyBoard/Motherboard/Command.o
                0x0000000000002692                _ZN7command7isEmptyEv
 .text._ZN7command10buildResetEv
                0x00000000000026a4      0x178 build/ff_creatorx-2560/MightyBoard/Motherboard/Command.o
                0x00000000000026a4                _ZN7command10buildResetEv
 .text._ZN7command5resetEv
                0x000000000000281c       0x20 build/ff_creatorx-2560/MightyBoard/Motherboard/Command.o
                0x000000000000281c                _ZN7command5resetEv
 .text._ZN7command9isWaitingEv
                0x000000000000283c        0xe build/ff_creatorx-2560/MightyBoard/Motherboard/Command.o
                0x000000000000283c                _ZN7command9isWaitingEv
 .text._ZN7command19possibleZLevelPStopEv
                0x000000000000284a       0x36 build/ff_creatorx-2560/MightyBoard/Motherboard/Command.o
                0x000000000000284a                _ZN7command19possibleZLevelPStopEv
 .text._ZN7command15retractFilamentEb
                0x0000000000002880      0x23c build/ff_creatorx-2560/MightyBoard/Motherboard/Command.o
                0x0000000000002880                _ZN7command15retractFilamentEb
 .text._ZN7command14platformAccessEb
                0x0000000000002abc      0x5f6 build/ff_creatorx-2560/MightyBoard/Motherboard/Command.o
                0x0000000000002abc                _ZN7command14platformAccessEb
 .text._ZN7command17getFilamentLengthEh
                0x00000000000030b2       0x74 build/ff_creatorx-2560/MightyBoard/Motherboard/Command.o
                0x00000000000030b2                _ZN7command17getFilamentLengthEh
 .text._ZN7command26addFilamentUsedForExtruderEh
                0x0000000000003126      0x10a build/ff_creatorx-2560/MightyBoard/Motherboard/Command.o
                0x0000000000003126                _ZN7command26addFilamentUsedForExtruderEh
 .text._ZN7command15addFilamentUsedEv
                0x0000000000003230        0xc build/ff_creatorx-2560/MightyBoard/Motherboard/Command.o
                0x0000000000003230                _ZN7command15addFilamentUsedEv
 .text._ZN7command21getLastFilamentLengthEh
                0x000000000000323c       0x74 build/ff_creatorx-2560/MightyBoard/Motherboard/Command.o
                0x000000000000323c                _ZN7command21getLastFilamentLengthEh
 .text._ZN7command12filamentUsedEv
                0x00000000000032b0       0x92 build/ff_creatorx-2560/MightyBoard/Motherboard/Command.o
                0x00000000000032b0                _ZN7command12filamentUsedEv
 .text._ZN7command20saveDigiPotsAndPowerEb
                0x0000000000003342       0x4a build/ff_creatorx-2560/MightyBoard/Motherboard/Command.o
                0x0000000000003342                _ZN7command20saveDigiPotsAndPowerEb
 .text._ZN7command15restoreDigiPotsEv
                0x000000000000338c       0x2a build/ff_creatorx-2560/MightyBoard/Motherboard/Command.o
                0x000000000000338c                _ZN7command15restoreDigiPotsEv
 .text._ZN7command16handlePauseStateEv
                0x00000000000033b6      0x458 build/ff_creatorx-2560/MightyBoard/Motherboard/Command.o
                0x00000000000033b6                _ZN7command16handlePauseStateEv
 .text._ZN7command26estimatedTimeLeftInSecondsEv
                0x000000000000380e       0xdc build/ff_creatorx-2560/MightyBoard/Motherboard/Command.o
                0x000000000000380e                _ZN7command26estimatedTimeLeftInSecondsEv
 .text._ZN19CircularBufferTemplIhEixEj
                0x00000000000038ea       0x1c build/ff_creatorx-2560/MightyBoard/Motherboard/Command.o
                0x00000000000038ea                _ZN19CircularBufferTemplIhEixEj
 .text._ZN19CircularBufferTemplIhE4pushEh
                0x0000000000003906       0x3e build/ff_creatorx-2560/MightyBoard/Motherboard/Command.o
                0x0000000000003906                _ZN19CircularBufferTemplIhE4pushEh
 .text._ZN7command4pushEh
                0x0000000000003944        0xa build/ff_creatorx-2560/MightyBoard/Motherboard/Command.o
                0x0000000000003944                _ZN7command4pushEh
 .text._ZN19CircularBufferTemplIhE3popEv
                0x000000000000394e       0x46 build/ff_creatorx-2560/MightyBoard/Motherboard/Command.o
                0x000000000000394e                _ZN19CircularBufferTemplIhE3popEv
 .text._ZN7command4pop8Ev
                0x0000000000003994        0x8 build/ff_creatorx-2560/MightyBoard/Motherboard/Command.o
                0x0000000000003994                _ZN7command4pop8Ev
 .text._ZN7command5pop16Ev
                0x000000000000399c       0x1c build/ff_creatorx-2560/MightyBoard/Motherboard/Command.o
                0x000000000000399c                _ZN7command5pop16Ev
 .text._ZN7command5pop32Ev
                0x00000000000039b8       0x3c build/ff_creatorx-2560/MightyBoard/Motherboard/Command.o
                0x00000000000039b8                _ZN7command5pop32Ev
 .text._ZN7command28processExtruderCommandPacketEa
                0x00000000000039f4      0x206 build/ff_creatorx-2560/MightyBoard/Motherboard/Command.o
                0x00000000000039f4                _ZN7command28processExtruderCommandPacketEa
 .text._ZN7command15runCommandSliceEv
                0x0000000000003bfa     0x198a build/ff_creatorx-2560/MightyBoard/Motherboard/Command.o
                0x0000000000003bfa                _ZN7command15runCommandSliceEv
 .text.startup._GLOBAL__sub_I__ZN7command15pstop_triggeredE
                0x0000000000005584       0x56 build/ff_creatorx-2560/MightyBoard/Motherboard/Command.o
 .text._ZN6eeprom20setDefaultCoolingFanEj
                0x00000000000055da       0x2c build/ff_creatorx-2560/MightyBoard/Motherboard/EepromMap.o
                0x00000000000055da                _ZN6eeprom20setDefaultCoolingFanEj
 .text._ZN6eeprom13setDefaultPIDEj
                0x0000000000005606       0x36 build/ff_creatorx-2560/MightyBoard/Motherboard/EepromMap.o
                0x0000000000005606                _ZN6eeprom13setDefaultPIDEj
 .text._ZN6eeprom19setDefaultsExtruderEj
                0x000000000000563c       0x20 build/ff_creatorx-2560/MightyBoard/Motherboard/EepromMap.o
                0x000000000000563c                _ZN6eeprom19setDefaultsExtruderEj
 .text._ZN6eeprom20setDefaultLedEffectsEj
                0x000000000000565c       0x4a build/ff_creatorx-2560/MightyBoard/Motherboard/EepromMap.o
                0x000000000000565c                _ZN6eeprom20setDefaultLedEffectsEj
 .text._ZN6eeprom8getColorEv
                0x00000000000056a6        0xa build/ff_creatorx-2560/MightyBoard/Motherboard/EepromMap.o
                0x00000000000056a6                _ZN6eeprom8getColorEv
 .text._ZN6eeprom8setColorEh
                0x00000000000056b0        0xa build/ff_creatorx-2560/MightyBoard/Motherboard/EepromMap.o
                0x00000000000056b0                _ZN6eeprom8setColorEh
 .text._ZN6eeprom14setCustomColorEhhh
                0x00000000000056ba       0x48 build/ff_creatorx-2560/MightyBoard/Motherboard/EepromMap.o
                0x00000000000056ba                _ZN6eeprom14setCustomColorEhhh
 .text._ZN6eeprom18eeprom_write_soundE5Soundj
                0x0000000000005702       0x2e build/ff_creatorx-2560/MightyBoard/Motherboard/EepromMap.o
                0x0000000000005702                _ZN6eeprom18eeprom_write_soundE5Soundj
 .text._ZN6eeprom21setDefaultBuzzEffectsEj
                0x0000000000005730       0x1c build/ff_creatorx-2560/MightyBoard/Motherboard/EepromMap.o
                0x0000000000005730                _ZN6eeprom21setDefaultBuzzEffectsEj
 .text._ZN6eeprom18setDefaultsPreheatEj
                0x000000000000574c       0x34 build/ff_creatorx-2560/MightyBoard/Motherboard/EepromMap.o
                0x000000000000574c                _ZN6eeprom18setDefaultsPreheatEj
 .text._ZN6eeprom23setDefaultsAccelerationEv
                0x0000000000005780       0xd8 build/ff_creatorx-2560/MightyBoard/Motherboard/EepromMap.o
                0x0000000000005780                _ZN6eeprom23setDefaultsAccelerationEv
 .text._ZN6eeprom27setDefaultAxisHomePositionsEv
                0x0000000000005858       0x48 build/ff_creatorx-2560/MightyBoard/Motherboard/EepromMap.o
                0x0000000000005858                _ZN6eeprom27setDefaultAxisHomePositionsEv
 .text._ZN6eeprom19setDefaultsProfilesEj
                0x00000000000058a0       0xd8 build/ff_creatorx-2560/MightyBoard/Motherboard/EepromMap.o
                0x00000000000058a0                _ZN6eeprom19setDefaultsProfilesEj
 .text._ZN6eeprom16setToolHeadCountEh
                0x0000000000005978       0x14 build/ff_creatorx-2560/MightyBoard/Motherboard/EepromMap.o
                0x0000000000005978                _ZN6eeprom16setToolHeadCountEh
 .text._ZN6eeprom18factoryResetEEPROMEv
                0x000000000000598c      0x1f6 build/ff_creatorx-2560/MightyBoard/Motherboard/EepromMap.o
                0x000000000000598c                _ZN6eeprom18factoryResetEEPROMEv
 .text._ZN6eeprom12isSingleToolEv
                0x0000000000005b82       0x16 build/ff_creatorx-2560/MightyBoard/Motherboard/EepromMap.o
                0x0000000000005b82                _ZN6eeprom12isSingleToolEv
 .text._ZN6eeprom6hasHBPEv
                0x0000000000005b98       0x16 build/ff_creatorx-2560/MightyBoard/Motherboard/EepromMap.o
                0x0000000000005b98                _ZN6eeprom6hasHBPEv
 .text._ZN6eeprom30storeToolheadToleranceDefaultsEv
                0x0000000000005bae       0x56 build/ff_creatorx-2560/MightyBoard/Motherboard/EepromMap.o
                0x0000000000005bae                _ZN6eeprom30storeToolheadToleranceDefaultsEv
 .text._ZN6eeprom12getBuildTimeEPjPh
                0x0000000000005c04       0x34 build/ff_creatorx-2560/MightyBoard/Motherboard/EepromMap.o
                0x0000000000005c04                _ZN6eeprom12getBuildTimeEPjPh
 .text._ZN6eeprom12setBuildTimeEjh
                0x0000000000005c38       0x1a build/ff_creatorx-2560/MightyBoard/Motherboard/EepromMap.o
                0x0000000000005c38                _ZN6eeprom12setBuildTimeEjh
 .text._ZN6eeprom15updateBuildTimeEjh
                0x0000000000005c52       0x62 build/ff_creatorx-2560/MightyBoard/Motherboard/EepromMap.o
                0x0000000000005c52                _ZN6eeprom15updateBuildTimeEjh
 .text._ZN6eeprom15fullResetEEPROMEv
                0x0000000000005cb4       0x60 build/ff_creatorx-2560/MightyBoard/Motherboard/EepromMap.o
                0x0000000000005cb4                _ZN6eeprom15fullResetEEPROMEv
 .text._ZN6eeprom10heatLightsEv
                0x0000000000005d14       0x24 build/ff_creatorx-2560/MightyBoard/Motherboard/EepromMap.o
                0x0000000000005d14                _ZN6eeprom10heatLightsEv
 .text.startup._GLOBAL__sub_I__ZN6eeprom20setDefaultCoolingFanEj
                0x0000000000005d38        0xe build/ff_creatorx-2560/MightyBoard/Motherboard/EepromMap.o
 .text._ZN4host20processCommandPacketERK8InPacketR9OutPacket
                0x0000000000005d46       0x98 build/ff_creatorx-2560/MightyBoard/Motherboard/Host.o
                0x0000000000005d46                _ZN4host20processCommandPacketERK8InPacketR9OutPacket
 .text._ZN4host12heatShutdownEv
                0x0000000000005dde        0xe build/ff_creatorx-2560/MightyBoard/Motherboard/Host.o
                0x0000000000005dde                _ZN4host12heatShutdownEv
 .text._ZN4host17handleGetPositionER9OutPacket
                0x0000000000005dec       0xaa build/ff_creatorx-2560/MightyBoard/Motherboard/Host.o
                0x0000000000005dec                _ZN4host17handleGetPositionER9OutPacket
 .text._ZN4host20handleGetPositionExtER9OutPacket
                0x0000000000005e96       0xe4 build/ff_creatorx-2560/MightyBoard/Motherboard/Host.o
                0x0000000000005e96                _ZN4host20handleGetPositionExtER9OutPacket
 .text._ZN4host18handleNextFilenameERK8InPacketR9OutPacket
                0x0000000000005f7a       0xc8 build/ff_creatorx-2560/MightyBoard/Motherboard/Host.o
                0x0000000000005f7a                _ZN4host18handleNextFilenameERK8InPacketR9OutPacket
 .text._ZN4host16handleReadEepromERK8InPacketR9OutPacket
                0x0000000000006042       0xa4 build/ff_creatorx-2560/MightyBoard/Motherboard/Host.o
                0x0000000000006042                _ZN4host16handleReadEepromERK8InPacketR9OutPacket
 .text._ZN4host17handleWriteEepromERK8InPacketR9OutPacket
                0x00000000000060e6       0xde build/ff_creatorx-2560/MightyBoard/Motherboard/Host.o
                0x00000000000060e6                _ZN4host17handleWriteEepromERK8InPacketR9OutPacket
 .text._ZN4host14getMachineNameEv
                0x00000000000061c4       0x62 build/ff_creatorx-2560/MightyBoard/Motherboard/Host.o
                0x00000000000061c4                _ZN4host14getMachineNameEv
 .text._ZN4host12getHostStateEv
                0x0000000000006226        0x6 build/ff_creatorx-2560/MightyBoard/Motherboard/Host.o
                0x0000000000006226                _ZN4host12getHostStateEv
 .text._ZN4host13getBuildStateEv
                0x000000000000622c        0x6 build/ff_creatorx-2560/MightyBoard/Motherboard/Host.o
                0x000000000000622c                _ZN4host13getBuildStateEv
 .text._ZN4host15resumePrintTimeEv
                0x0000000000006232       0x20 build/ff_creatorx-2560/MightyBoard/Motherboard/Host.o
                0x0000000000006232                _ZN4host15resumePrintTimeEv
 .text._ZN4host14startPrintTimeEv
                0x0000000000006252       0x14 build/ff_creatorx-2560/MightyBoard/Motherboard/Host.o
                0x0000000000006252                _ZN4host14startPrintTimeEv
 .text._ZN4host28handleBuildStartNotificationER19CircularBufferTemplIhE
                0x0000000000006266       0xf8 build/ff_creatorx-2560/MightyBoard/Motherboard/Host.o
                0x0000000000006266                _ZN4host28handleBuildStartNotificationER19CircularBufferTemplIhE
 .text._ZN4host14deltaPrintTimeEv
                0x000000000000635e       0x3a build/ff_creatorx-2560/MightyBoard/Motherboard/Host.o
                0x000000000000635e                _ZN4host14deltaPrintTimeEv
 .text._ZN4host14pausePrintTimeEv
                0x0000000000006398       0x40 build/ff_creatorx-2560/MightyBoard/Motherboard/Host.o
                0x0000000000006398                _ZN4host14pausePrintTimeEv
 .text._ZN4host15getPrintSecondsEv
                0x00000000000063d8       0x26 build/ff_creatorx-2560/MightyBoard/Motherboard/Host.o
                0x00000000000063d8                _ZN4host15getPrintSecondsEv
 .text._ZN4host12getPrintTimeERjRh
                0x00000000000063fe       0x80 build/ff_creatorx-2560/MightyBoard/Motherboard/Host.o
                0x00000000000063fe                _ZN4host12getPrintTimeERjRh
 .text._ZN4host19handleGetBuildStatsER9OutPacket
                0x000000000000647e       0x66 build/ff_creatorx-2560/MightyBoard/Motherboard/Host.o
                0x000000000000647e                _ZN4host19handleGetBuildStatsER9OutPacket
 .text._ZN4host13stopPrintTimeEv
                0x00000000000064e4       0x20 build/ff_creatorx-2560/MightyBoard/Motherboard/Host.o
                0x00000000000064e4                _ZN4host13stopPrintTimeEv
 .text._ZN4host27handleBuildStopNotificationEv
                0x0000000000006504       0x24 build/ff_creatorx-2560/MightyBoard/Motherboard/Host.o
                0x0000000000006504                _ZN4host27handleBuildStopNotificationEv
 .text._ZN4host16startBuildFromSDEPch
                0x0000000000006528       0x6e build/ff_creatorx-2560/MightyBoard/Motherboard/Host.o
                0x0000000000006528                _ZN4host16startBuildFromSDEPch
 .text._ZN4host17startOnboardBuildEh
                0x0000000000006596       0x2c build/ff_creatorx-2560/MightyBoard/Motherboard/Host.o
                0x0000000000006596                _ZN4host17startOnboardBuildEh
 .text._ZN4host12stopBuildNowEv
                0x00000000000065c2       0x4e build/ff_creatorx-2560/MightyBoard/Motherboard/Host.o
                0x00000000000065c2                _ZN4host12stopBuildNowEv
 .text._ZN4host9stopBuildEv
                0x0000000000006610       0x42 build/ff_creatorx-2560/MightyBoard/Motherboard/Host.o
                0x0000000000006610                _ZN4host9stopBuildEv
 .text._ZN4host10pauseBuildEbb
                0x0000000000006652       0x4e build/ff_creatorx-2560/MightyBoard/Motherboard/Host.o
                0x0000000000006652                _ZN4host10pauseBuildEbb
 .text._ZN4host26processExtruderQueryPacketERK8InPacketR9OutPacket
                0x00000000000066a0      0x19a build/ff_creatorx-2560/MightyBoard/Motherboard/Host.o
                0x00000000000066a0                _ZN4host26processExtruderQueryPacketERK8InPacketR9OutPacket
 .text._ZN4host18processQueryPacketERK8InPacketR9OutPacket
                0x000000000000683a      0x258 build/ff_creatorx-2560/MightyBoard/Motherboard/Host.o
                0x000000000000683a                _ZN4host18processQueryPacketERK8InPacketR9OutPacket
 .text._ZN4host12runHostSliceEv
                0x0000000000006a92      0x1e2 build/ff_creatorx-2560/MightyBoard/Motherboard/Host.o
                0x0000000000006a92                _ZN4host12runHostSliceEv
 .text._ZN4host15isBuildCompleteEv
                0x0000000000006c74       0x1a build/ff_creatorx-2560/MightyBoard/Motherboard/Host.o
                0x0000000000006c74                _ZN4host15isBuildCompleteEv
 .text.startup._GLOBAL__sub_I__ZN4host17packet_in_timeoutE
                0x0000000000006c8e       0x26 build/ff_creatorx-2560/MightyBoard/Motherboard/Host.o
 .text._Z10StackCountv
                0x0000000000006cb4       0x20 build/ff_creatorx-2560/MightyBoard/Motherboard/Main.o
                0x0000000000006cb4                _Z10StackCountv
 .text._Z5resetb
                0x0000000000006cd4       0x66 build/ff_creatorx-2560/MightyBoard/Motherboard/Main.o
                0x0000000000006cd4                _Z5resetb
 .text.startup.main
                0x0000000000006d3a      0x112 build/ff_creatorx-2560/MightyBoard/Motherboard/Main.o
                0x0000000000006d3a                main
 .text.__cxa_pure_virtual
                0x0000000000006e4c        0x2 build/ff_creatorx-2560/MightyBoard/Motherboard/Main.o
                0x0000000000006e4c                __cxa_pure_virtual
 .text.startup._GLOBAL__sub_I__Z10StackPaintv
                0x0000000000006e4e        0xe build/ff_creatorx-2560/MightyBoard/Motherboard/Main.o
 .text._ZN11MotherboardC2Ev
                0x0000000000006e5c      0x234 build/ff_creatorx-2560/MightyBoard/Motherboard/Motherboard.o
                0x0000000000006e5c                _ZN11MotherboardC2Ev
                0x0000000000006e5c                _ZN11MotherboardC1Ev
 .text._ZN11Motherboard10initClocksEv
                0x0000000000007090       0xc6 build/ff_creatorx-2560/MightyBoard/Motherboard/Motherboard.o
                0x0000000000007090                _ZN11Motherboard10initClocksEv
 .text._ZN11Motherboard4initEv
                0x0000000000007156       0x1a build/ff_creatorx-2560/MightyBoard/Motherboard/Motherboard.o
                0x0000000000007156                _ZN11Motherboard4initEv
 .text._ZN11Motherboard21getCurrentCentaMicrosEPh
                0x0000000000007170       0x20 build/ff_creatorx-2560/MightyBoard/Motherboard/Motherboard.o
                0x0000000000007170                _ZN11Motherboard21getCurrentCentaMicrosEPh
 .text._ZN11Motherboard17getCurrentSecondsEv
                0x0000000000007190       0x18 build/ff_creatorx-2560/MightyBoard/Motherboard/Motherboard.o
                0x0000000000007190                _ZN11Motherboard17getCurrentSecondsEv
 .text._ZN11Motherboard18doStepperInterruptEv
                0x00000000000071a8       0x5c build/ff_creatorx-2560/MightyBoard/Motherboard/Motherboard.o
                0x00000000000071a8                _ZN11Motherboard18doStepperInterruptEv
 .text._ZN11Motherboard13HeatingAlertsEv
                0x0000000000007204      0x270 build/ff_creatorx-2560/MightyBoard/Motherboard/Motherboard.o
                0x0000000000007204                _ZN11Motherboard13HeatingAlertsEv
 .text._ZN11Motherboard10heaterFailE14HeaterFailModeh
                0x0000000000007474       0x26 build/ff_creatorx-2560/MightyBoard/Motherboard/Motherboard.o
                0x0000000000007474                _ZN11Motherboard10heaterFailE14HeaterFailModeh
 .text._ZN11Motherboard15startButtonWaitEv
                0x000000000000749a       0x34 build/ff_creatorx-2560/MightyBoard/Motherboard/Motherboard.o
                0x000000000000749a                _ZN11Motherboard15startButtonWaitEv
 .text._ZN11Motherboard13errorResponseEPKhS1_bb
                0x00000000000074ce       0x2c build/ff_creatorx-2560/MightyBoard/Motherboard/Motherboard.o
                0x00000000000074ce                _ZN11Motherboard13errorResponseEPKhS1_bb
 .text._ZN11Motherboard13errorResponseEPKhbb
                0x00000000000074fa       0x12 build/ff_creatorx-2560/MightyBoard/Motherboard/Motherboard.o
                0x00000000000074fa                _ZN11Motherboard13errorResponseEPKhbb
 .text._ZN11Motherboard21resetUserInputTimeoutEv
                0x000000000000750c       0x10 build/ff_creatorx-2560/MightyBoard/Motherboard/Motherboard.o
                0x000000000000750c                _ZN11Motherboard21resetUserInputTimeoutEv
 .text.__vector_32
                0x000000000000751c       0x54 build/ff_creatorx-2560/MightyBoard/Motherboard/Motherboard.o
                0x000000000000751c                __vector_32
 .text.__vector_13
                0x0000000000007570       0x50 build/ff_creatorx-2560/MightyBoard/Motherboard/Motherboard.o
                0x0000000000007570                __vector_13
 .text.__vector_47
                0x00000000000075c0      0x312 build/ff_creatorx-2560/MightyBoard/Motherboard/Motherboard.o
                0x00000000000075c0                __vector_47
 .text._ZN11Motherboard16setUsingPlatformEb
                0x00000000000078d2        0xa build/ff_creatorx-2560/MightyBoard/Motherboard/Motherboard.o
                0x00000000000078d2                _ZN11Motherboard16setUsingPlatformEb
 .text._ZN11Motherboard8setExtraEh
                0x00000000000078dc       0x92 build/ff_creatorx-2560/MightyBoard/Motherboard/Motherboard.o
                0x00000000000078dc                _ZN11Motherboard8setExtraEh
 .text._Z10softpwmHBPb
                0x000000000000796e       0x46 build/ff_creatorx-2560/MightyBoard/Motherboard/Motherboard.o
                0x000000000000796e                _Z10softpwmHBPb
 .text._ZN27BuildPlatformHeatingElement17setHeatingElementEh
                0x00000000000079b4       0x18 build/ff_creatorx-2560/MightyBoard/Motherboard/Motherboard.o
                0x00000000000079b4                _ZN27BuildPlatformHeatingElement17setHeatingElementEh
 .text._ZN11Motherboard10heatersOffEb
                0x00000000000079cc       0x4e build/ff_creatorx-2560/MightyBoard/Motherboard/Motherboard.o
                0x00000000000079cc                _ZN11Motherboard10heatersOffEb
 .text._ZN11Motherboard19runMotherboardSliceEv
                0x0000000000007a1a      0x346 build/ff_creatorx-2560/MightyBoard/Motherboard/Motherboard.o
                0x0000000000007a1a                _ZN11Motherboard19runMotherboardSliceEv
 .text._ZN11Motherboard16interfaceBlinkOnEv
                0x0000000000007d60       0x14 build/ff_creatorx-2560/MightyBoard/Motherboard/Motherboard.o
                0x0000000000007d60                _ZN11Motherboard16interfaceBlinkOnEv
 .text._ZN11Motherboard17interfaceBlinkOffEv
                0x0000000000007d74        0xe build/ff_creatorx-2560/MightyBoard/Motherboard/Motherboard.o
                0x0000000000007d74                _ZN11Motherboard17interfaceBlinkOffEv
 .text._ZN11Motherboard12pauseHeatersEb
                0x0000000000007d82       0x1a build/ff_creatorx-2560/MightyBoard/Motherboard/Motherboard.o
                0x0000000000007d82                _ZN11Motherboard12pauseHeatersEb
 .text.startup._GLOBAL__sub_I_board_status
                0x0000000000007d9c       0x16 build/ff_creatorx-2560/MightyBoard/Motherboard/Motherboard.o
 .text._ZN11Motherboard5resetEb
                0x0000000000007db2      0x192 build/ff_creatorx-2560/MightyBoard/Motherboard/Motherboard.o
                0x0000000000007db2                _ZN11Motherboard5resetEb
 .text._ZN5Piezo14shutdown_timerEv
                0x0000000000007f44       0x10 build/ff_creatorx-2560/MightyBoard/Motherboard/Piezo.o
                0x0000000000007f44                _ZN5Piezo14shutdown_timerEv
 .text._ZN5Piezo5resetEv
                0x0000000000007f54       0x8e build/ff_creatorx-2560/MightyBoard/Motherboard/Piezo.o
                0x0000000000007f54                _ZN5Piezo5resetEv
 .text._ZN5Piezo15processNextToneEv
                0x0000000000007fe2      0x14e build/ff_creatorx-2560/MightyBoard/Motherboard/Piezo.o
                0x0000000000007fe2                _ZN5Piezo15processNextToneEv
 .text._ZN5Piezo7setToneEjj
                0x0000000000008130       0x9c build/ff_creatorx-2560/MightyBoard/Motherboard/Piezo.o
                0x0000000000008130                _ZN5Piezo7setToneEjj
 .text._ZN5Piezo9isPlayingEv
                0x00000000000081cc        0x6 build/ff_creatorx-2560/MightyBoard/Motherboard/Piezo.o
                0x00000000000081cc                _ZN5Piezo9isPlayingEv
 .text._ZN5Piezo13runPiezoSliceEv
                0x00000000000081d2       0x20 build/ff_creatorx-2560/MightyBoard/Motherboard/Piezo.o
                0x00000000000081d2                _ZN5Piezo13runPiezoSliceEv
 .text._ZN5Piezo8playTuneEh
                0x00000000000081f2       0x76 build/ff_creatorx-2560/MightyBoard/Motherboard/Piezo.o
                0x00000000000081f2                _ZN5Piezo8playTuneEh
 .text._ZN5Piezo9errorToneEh
                0x0000000000008268       0x3c build/ff_creatorx-2560/MightyBoard/Motherboard/Piezo.o
                0x0000000000008268                _ZN5Piezo9errorToneEh
 .text.startup._GLOBAL__sub_I__ZN5Piezo9tones_bufE
                0x00000000000082a4       0x36 build/ff_creatorx-2560/MightyBoard/Motherboard/Piezo.o
 .text._ZN5PointC2Ev
                0x00000000000082da        0x2 build/ff_creatorx-2560/MightyBoard/Motherboard/Point.o
                0x00000000000082da                _ZN5PointC2Ev
                0x00000000000082da                _ZN5PointC1Ev
 .text._ZN5PointC2Elllll
                0x00000000000082dc       0x68 build/ff_creatorx-2560/MightyBoard/Motherboard/Point.o
                0x00000000000082dc                _ZN5PointC1Elllll
                0x00000000000082dc                _ZN5PointC2Elllll
 .text._ZNK5PointixEj
                0x0000000000008344        0xe build/ff_creatorx-2560/MightyBoard/Motherboard/Point.o
                0x0000000000008344                _ZNK5PointixEj
 .text._ZN5PointixEj
                0x0000000000008352        0xe build/ff_creatorx-2560/MightyBoard/Motherboard/Point.o
                0x0000000000008352                _ZN5PointixEj
 .text._ZN6sdcardL13findFileInDirEPKcP20fat_dir_entry_struct
                0x0000000000008360       0x46 build/ff_creatorx-2560/MightyBoard/Motherboard/SDCard.o
 .text._ZN6sdcardL10finishFileEv
                0x00000000000083a6       0x1e build/ff_creatorx-2560/MightyBoard/Motherboard/SDCard.o
 .text._ZN6sdcardL16changeWorkingDirEP20fat_dir_entry_struct.part.0
                0x00000000000083c4       0x60 build/ff_creatorx-2560/MightyBoard/Motherboard/SDCard.o
 .text._ZN6sdcardL16changeWorkingDirEP20fat_dir_entry_struct
                0x0000000000008424       0x44 build/ff_creatorx-2560/MightyBoard/Motherboard/SDCard.o
 .text._ZN6sdcardL8openFileEPKc
                0x0000000000008468       0x76 build/ff_creatorx-2560/MightyBoard/Motherboard/SDCard.o
 .text._ZN6sdcard15changeDirectoryEPKc
                0x00000000000084de       0x52 build/ff_creatorx-2560/MightyBoard/Motherboard/SDCard.o
                0x00000000000084de                _ZN6sdcard15changeDirectoryEPKc
 .text._ZN6sdcard9isPlayingEv
                0x0000000000008530        0x6 build/ff_creatorx-2560/MightyBoard/Motherboard/SDCard.o
                0x0000000000008530                _ZN6sdcard9isPlayingEv
 .text._ZN6sdcard9writeByteEh
                0x0000000000008536       0x34 build/ff_creatorx-2560/MightyBoard/Motherboard/SDCard.o
                0x0000000000008536                _ZN6sdcard9writeByteEh
 .text._ZN6sdcard13finishCaptureEv
                0x000000000000856a       0x22 build/ff_creatorx-2560/MightyBoard/Motherboard/SDCard.o
                0x000000000000856a                _ZN6sdcard13finishCaptureEv
 .text._ZN6sdcard13fetchNextByteEv
                0x000000000000858c       0x42 build/ff_creatorx-2560/MightyBoard/Motherboard/SDCard.o
                0x000000000000858c                _ZN6sdcard13fetchNextByteEv
 .text._ZN6sdcard15playbackHasNextEv
                0x00000000000085ce        0x6 build/ff_creatorx-2560/MightyBoard/Motherboard/SDCard.o
                0x00000000000085ce                _ZN6sdcard15playbackHasNextEv
 .text._ZN6sdcard12playbackNextEv
                0x00000000000085d4       0x10 build/ff_creatorx-2560/MightyBoard/Motherboard/SDCard.o
                0x00000000000085d4                _ZN6sdcard12playbackNextEv
 .text._ZN6sdcard14finishPlaybackEv
                0x00000000000085e4       0x16 build/ff_creatorx-2560/MightyBoard/Motherboard/SDCard.o
                0x00000000000085e4                _ZN6sdcard14finishPlaybackEv
 .text._ZN6sdcard5resetEv
                0x00000000000085fa       0x60 build/ff_creatorx-2560/MightyBoard/Motherboard/SDCard.o
                0x00000000000085fa                _ZN6sdcard5resetEv
 .text._ZN6sdcardL8initCardEv
                0x000000000000865a       0xfc build/ff_creatorx-2560/MightyBoard/Motherboard/SDCard.o
 .text._ZN6sdcard14directoryResetEv
                0x0000000000008756       0x22 build/ff_creatorx-2560/MightyBoard/Motherboard/SDCard.o
                0x0000000000008756                _ZN6sdcard14directoryResetEv
 .text._ZN6sdcard18directoryNextEntryEPchPhPb
                0x0000000000008778       0xe0 build/ff_creatorx-2560/MightyBoard/Motherboard/SDCard.o
                0x0000000000008778                _ZN6sdcard18directoryNextEntryEPchPhPb
 .text._ZN6sdcard12startCaptureEPc
                0x0000000000008858       0xb2 build/ff_creatorx-2560/MightyBoard/Motherboard/SDCard.o
                0x0000000000008858                _ZN6sdcard12startCaptureEPc
 .text._ZN6sdcard13startPlaybackEPc
                0x000000000000890a       0x56 build/ff_creatorx-2560/MightyBoard/Motherboard/SDCard.o
                0x000000000000890a                _ZN6sdcard13startPlaybackEPc